---
source: crates/hwp-core/tests/pdf_export.rs
expression: text
---
paragraph: [cs0 10pt rgb(0,0,0)] [ps: justify ls=160%] 글머리표
paragraph: [cs0 10pt rgb(0,0,0)] [ps: justify ls=160%] 1
paragraph: [cs0 10pt rgb(0,0,0)] [ps: justify ls=160%] 2
paragraph: [cs0 10pt rgb(0,0,0)] [ps: justify ls=160%] 3
paragraph: [cs0 10pt rgb(0,0,0)] [ps: justify ls=160%] 글머리표
paragraph: [cs0 10pt rgb(0,0,0)] [ps: justify ls=160%] 1
paragraph: [cs0 10pt rgb(0,0,0)] [ps: justify ls=160%] 2
paragraph: [cs0 10pt rgb(0,0,0)] [ps: justify ls=160%] 3
paragraph: [cs0 10pt rgb(0,0,0)] [ps: justify ls=160%] 글머리표
paragraph: [cs0 10pt rgb(0,0,0)] [ps: justify ls=160%] 1
paragraph: [cs0 10pt rgb(0,0,0)] [ps: justify ls=160%] 2
paragraph: [cs0 10pt rgb(0,0,0)] [ps: justify ls=160%] 3
paragraph: [cs0 10pt rgb(0,0,0)] [ps: justify ls=160%] 글머리표
paragraph: [cs0 10pt rgb(0,0,0)] [ps: justify ls=160%] 1
paragraph: [cs0 10pt rgb(0,0,0)] [ps: justify ls=160%] 2
paragraph: [cs0 10pt rgb(0,0,0)] [ps: justify ls=160%] 3
paragraph: [cs0 10pt rgb(0,0,0)] [ps: justify ls=160%] 글머리표
paragraph: [cs0 10pt rgb(0,0,0)] [ps: justify ls=160%] 1
paragraph: [cs0 10pt rgb(0,0,0)] [ps: justify ls=160%] 2
paragraph: [cs0 10pt rgb(0,0,0)] [ps: justify ls=160%] 3
paragraph: [cs0 10pt rgb(0,0,0)] [ps: justify ls=160%] 글머리표
paragraph: [cs0 10pt rgb(0,0,0)] [ps: justify ls=160%] 1
paragraph: [cs0 10pt rgb(0,0,0)] [ps: justify ls=160%] 2
paragraph: [cs0 10pt rgb(0,0,0)] [ps: justify ls=160%] 3
paragraph: [cs0 10pt rgb(0,0,0)] [ps: justify ls=160%] 글머리표
paragraph: [cs0 10pt rgb(0,0,0)] [ps: justify ls=160%] 1
paragraph: [cs0 10pt rgb(0,0,0)] [ps: justify ls=160%] 2
paragraph: [cs0 10pt rgb(0,0,0)] [ps: justify ls=160%] 3
paragraph: [cs0 10pt rgb(0,0,0)] [ps: justify ls=160%] 글머리표
paragraph: [cs0 10pt rgb(0,0,0)] [ps: justify ls=160%] 1
paragraph: [cs0 10pt rgb(0,0,0)] [ps: justify ls=160%] 2
paragraph: [cs0 10pt rgb(0,0,0)] [ps: justify ls=160%] 3
paragraph: [cs0 10pt rgb(0,0,0)] [ps: justify ls=160%] 글머리표
paragraph: [cs0 10pt rgb(0,0,0)] [ps: justify ls=160%] 1
paragraph: [cs0 10pt rgb(0,0,0)] [ps: justify ls=160%] 2
paragraph: [cs0 10pt rgb(0,0,0)] [ps: justify ls=160%] 3
paragraph: [cs0 10pt rgb(0,0,0)] [ps: justify ls=160%] 글머리표
paragraph: [cs0 10pt rgb(0,0,0)] [ps: justify ls=160%] 1
paragraph: [cs0 10pt rgb(0,0,0)] [ps: justify ls=160%] 2
paragraph: [cs0 10pt rgb(0,0,0)] [ps: justify ls=160%] 3
paragraph: [cs0 10pt rgb(0,0,0)] [ps: justify ls=160%] 글머리표
paragraph: [cs0 10pt rgb(0,0,0)] [ps: justify ls=160%] 1
paragraph: [cs0 10pt rgb(0,0,0)] [ps: justify ls=160%] 2
paragraph: [cs0 10pt rgb(0,0,0)] [ps: justify ls=160%] 3
paragraph: [cs0 10pt rgb(0,0,0)] [ps: justify ls=160%] 글머리표
paragraph: [cs0 10pt rgb(0,0,0)] [ps: justify ls=160%] 1
paragraph: [cs0 10pt rgb(0,0,0)] [ps: justify ls=160%] 2
paragraph: [cs0 10pt rgb(0,0,0)] [ps: justify ls=160%] 3
paragraph: [cs0 10pt rgb(0,0,0)] [ps: justify ls=160%] 글머리표
paragraph: [cs0 10pt rgb(0,0,0)] [ps: justify ls=160%] 1
paragraph: [cs0 10pt rgb(0,0,0)] [ps: justify ls=160%] 2
paragraph: [cs0 10pt rgb(0,0,0)] [ps: justify ls=160%] 3
paragraph: [cs0 10pt rgb(0,0,0)] [ps: justify ls=160%] 글머리표
paragraph: [cs0 10pt rgb(0,0,0)] [ps: justify ls=160%] 1
paragraph: [cs0 10pt rgb(0,0,0)] [ps: justify ls=160%] 2
paragraph: [cs0 10pt rgb(0,0,0)] [ps: justify ls=160%] 3
paragraph: [cs0 10pt rgb(0,0,0)] [ps: justify ls=160%] 글머리표
paragraph: [cs0 10pt rgb(0,0,0)] [ps: justify ls=160%] 1
paragraph: [cs0 10pt rgb(0,0,0)] [ps: justify ls=160%] 2
paragraph: [cs0 10pt rgb(0,0,0)] [ps: justify ls=160%] 3
paragraph: [cs0 10pt rgb(0,0,0)] [ps: justify ls=160%] 글머리표
paragraph: [cs0 10pt rgb(0,0,0)] [ps: justify ls=160%] 1
paragraph: [cs0 10pt rgb(0,0,0)] [ps: justify ls=160%] 2
paragraph: [cs0 10pt rgb(0,0,0)] [ps: justify ls=160%] 3
paragraph: [cs0 10pt rgb(0,0,0)] [ps: justify ls=160%] 글머리표
paragraph: [cs0 10pt rgb(0,0,0)] [ps: justify ls=160%] 1
paragraph: [cs0 10pt rgb(0,0,0)] [ps: justify ls=160%] 2
paragraph: [cs0 10pt rgb(0,0,0)] [ps: justify ls=160%] 3
paragraph: [cs0 10pt rgb(0,0,0)] [ps: justify ls=160%] 글머리표
paragraph: [cs0 10pt rgb(0,0,0)] [ps: justify ls=160%] 1
paragraph: [cs0 10pt rgb(0,0,0)] [ps: justify ls=160%] 2
paragraph: [cs0 10pt rgb(0,0,0)] [ps: justify ls=160%] 3
paragraph: [cs0 10pt rgb(0,0,0)] [ps: justify ls=160%] 글머리표
paragraph: [cs0 10pt rgb(0,0,0)] [ps: justify ls=160%] 1
paragraph: [cs0 10pt rgb(0,0,0)] [ps: justify ls=160%] 2
paragraph: [cs0 10pt rgb(0,0,0)] [ps: justify ls=160%] 3
paragraph: [cs0 10pt rgb(0,0,0)] [ps: justify ls=160%] 글머리표 사용자정의 ☀
paragraph: [cs0 10pt rgb(0,0,0)] [ps: justify ls=160%] 너비 10pt
paragraph: [cs0 10pt rgb(0,0,0)] [ps: justify ls=160%] 정렬 가운데
paragraph: [cs0 10pt rgb(0,0,0)] [ps: justify ls=160%] 본문과의 간격 50%
paragraph: [cs0 10pt rgb(0,0,0)] [ps: justify ls=160%] 자동 내어쓰기
paragraph: [cs0 10pt rgb(0,0,0)] [ps: justify ls=160%] 글자모양 없음
paragraph: [cs0 10pt rgb(0,0,0)] [ps: justify ls=160%] 글머리표 사용자정의 ☀
paragraph: [cs0 10pt rgb(0,0,0)] [ps: justify ls=160%] 너비 10pt
paragraph: [cs0 10pt rgb(0,0,0)] [ps: justify ls=160%] 정렬 오른쪽
paragraph: [cs0 10pt rgb(0,0,0)] [ps: justify ls=160%] 본문과의 간격 50%
paragraph: [cs0 10pt rgb(0,0,0)] [ps: justify ls=160%] 자동 내어쓰기
paragraph: [cs0 10pt rgb(0,0,0)] [ps: justify ls=160%] 글자모양 없음
paragraph: [cs0 10pt rgb(0,0,0)] [ps: justify ls=160%] 글머리표 사용자정의 ☀
paragraph: [cs0 10pt rgb(0,0,0)] [ps: justify ls=160%] 너비 20pt
paragraph: [cs0 10pt rgb(0,0,0)] [ps: justify ls=160%] 정렬 왼쪽
paragraph: [cs0 10pt rgb(0,0,0)] [ps: justify ls=160%] 본문과의 간격 50%
paragraph: [cs0 10pt rgb(0,0,0)] [ps: justify ls=160%] 자동 내어쓰기
paragraph: [cs0 10pt rgb(0,0,0)] [ps: justify ls=160%] 글자모양 없음
paragraph: [cs0 10pt rgb(0,0,0)] [ps: justify ls=160%] 글머리표 사용자정의 ☀
paragraph: [cs0 10pt rgb(0,0,0)] [ps: justify ls=160%] 너비 10pt
paragraph: [cs0 10pt rgb(0,0,0)] [ps: justify ls=160%] 정렬 왼쪽
paragraph: [cs0 10pt rgb(0,0,0)] [ps: justify ls=160%] 본문과의 간격 0%
paragraph: [cs0 10pt rgb(0,0,0)] [ps: justify ls=160%] 자동 내어쓰기
paragraph: [cs0 10pt rgb(0,0,0)] [ps: justify ls=160%] 글자모양 없음
paragraph: [cs0 10pt rgb(0,0,0)] [ps: justify ls=160%] 글머리표 사용자정의 ☀
paragraph: [cs0 10pt rgb(0,0,0)] [ps: justify ls=160%] 너비 10pt
paragraph: [cs0 10pt rgb(0,0,0)] [ps: justify ls=160%] 정렬 왼쪽
paragraph: [cs0 10pt rgb(0,0,0)] [ps: justify ls=160%] 본문과의 간격 0%
paragraph: [cs0 10pt rgb(0,0,0)] [ps: justify ls=160%] 자동 내어쓰기 X
paragraph: [cs0 10pt rgb(0,0,0)] [ps: justify ls=160%] 글자모양 없음
paragraph: [cs0 10pt rgb(0,0,0)] [ps: justify ls=160%] 글머리표 사용자정의 ☀
paragraph: [cs0 10pt rgb(0,0,0)] [ps: justify ls=160%] 너비 10pt
paragraph: [cs0 10pt rgb(0,0,0)] [ps: justify ls=160%] 정렬 왼쪽
paragraph: [cs0 10pt rgb(0,0,0)] [ps: justify ls=160%] 본문과의 간격 0%
paragraph: [cs0 10pt rgb(0,0,0)] [ps: justify ls=160%] 자동 내어쓰기 X
paragraph: [cs0 10pt rgb(0,0,0)] [ps: justify ls=160%] 새 글머리표 모양: sun
