---
source: crates/hwp-core/tests/snapshot_tests.rs
expression: html
---
<div class="hwp-body">
<p style="margin-left: 20.0pt"><span style="font-size: 10.0pt; font-family: '함초롬바탕'">개요 1</span></p>
<p style="margin-left: 40.0pt"><span style="font-size: 10.0pt; font-family: '함초롬바탕'">개요2</span></p>
<p style="margin-left: 60.0pt"><span style="font-size: 10.0pt; font-family: '함초롬바탕'">개요3</span></p>
<p style="margin-left: 80.0pt"><span style="font-size: 10.0pt; font-family: '함초롬바탕'">개요4</span></p>
<p style="margin-left: 100.0pt"><span style="font-size: 10.0pt; font-family: '함초롬바탕'">개요 5</span></p>
<p style="margin-left: 100.0pt"><span style="font-size: 10.0pt; font-family: '함초롬바탕'">개요 5-2</span></p>
<p style="margin-left: 40.0pt"><span style="font-size: 10.0pt; font-family: '함초롬바탕'">개요2-2</span></p>
<p style="margin-left: 120.0pt"><span style="font-size: 10.0pt; font-family: '함초롬바탕'">개요 6</span></p>
<p style="margin-left: 120.0pt"><span style="font-size: 10.0pt; font-family: '함초롬바탕'">개요 6-2</span></p>
<p style="margin-left: 140.0pt"><span style="font-size: 10.0pt; font-family: '함초롬바탕'">개요7</span></p>
<p style="margin-left: 140.0pt"><span style="font-size: 10.0pt; font-family: '함초롬바탕'">개요7-2</span></p>
<p style="margin-left: 160.0pt"><span style="font-size: 10.0pt; font-family: '함초롬바탕'">개요8</span></p>
<p style="margin-left: 180.0pt"><span style="font-size: 10.0pt; font-family: '함초롬바탕'">개요9</span></p>
<p style="margin-left: 200.0pt"><span style="font-size: 10.0pt; font-family: '함초롬바탕'">개요10</span></p>
<p style="margin-left: 20.0pt"><span style="font-size: 10.0pt; font-family: '함초롬바탕'">개요 1-2</span></p>
</div>
