---
source: crates/hwp-core/tests/snapshot_tests.rs
expression: html
---
<div class="hwp-body">
<p style="line-height: 120%"><span style="font-size: 10.0pt; font-family: '한컴바탕'"><b>[붙임 1]</b></span></p>
<p style="text-align: center; text-indent: -30.0pt"><span style="font-size: 16.0pt; font-family: 'HY헤드라인M'">2026학년도 자율(전공)동아리 개설 신청서</span></p>
<table class="hwp-table" style="border-collapse: collapse; border-left: 0.12mm solid rgb(0,0,0); border-right: 0.12mm solid rgb(0,0,0); border-top: 0.12mm solid rgb(0,0,0); border-bottom: 0.12mm solid rgb(0,0,0)">
<tr>
<td style="border-left: 0.4mm solid rgb(0,0,0); border-right: 0.12mm solid rgb(0,0,0); border-top: 0.4mm solid rgb(0,0,0); border-bottom: 0.12mm solid rgb(0,0,0); width: 66.3pt"><p style="text-align: center"><span style="font-size: 12.0pt; font-family: '한컴바탕'">동아리명</span></p>  </td>
<td colspan="2" style="border-left: 0.12mm solid rgb(0,0,0); border-right: 0.12mm solid rgb(0,0,0); border-top: 0.4mm solid rgb(0,0,0); border-bottom: 0.12mm solid rgb(0,0,0); width: 271.4pt">  </td>
<td style="border-left: 0.12mm solid rgb(0,0,0); border-right: 0.12mm solid rgb(0,0,0); border-top: 0.4mm solid rgb(0,0,0); border-bottom: 0.12mm solid rgb(0,0,0); width: 53.0pt"><p style="text-align: center; line-height: 170%"><span style="font-size: 12.0pt; font-family: '한컴바탕'">지도교사</span></p>  </td>
<td style="border-left: 0.12mm solid rgb(0,0,0); border-right: 0.4mm solid rgb(0,0,0); border-top: 0.4mm solid rgb(0,0,0); border-bottom: 0.12mm solid rgb(0,0,0); width: 82.7pt"><p style="text-align: right"><span style="font-size: 11.0pt; font-family: '함초롬바탕'; color: rgb(166,166,166)"><b>(서명)</b></span></p>  </td>
</tr>
<tr>
<td style="border-left: 0.4mm solid rgb(0,0,0); border-right: 0.12mm solid rgb(0,0,0); border-top: 0.12mm solid rgb(0,0,0); border-bottom: 0.12mm solid rgb(0,0,0); width: 66.3pt"><p style="text-align: center"><span style="font-size: 12.0pt; font-family: '한컴바탕'">현 동아리장</span></p>  </td>
<td colspan="2" style="border-left: 0.12mm solid rgb(0,0,0); border-right: 0.12mm solid rgb(0,0,0); border-top: 0.12mm solid rgb(0,0,0); border-bottom: 0.12mm solid rgb(0,0,0); width: 271.4pt"><p style="line-height: 170%"><span style="font-size: 12.0pt; font-family: '한컴바탕'">학번:           이름:     </span></p>
<p style="line-height: 170%"><span style="font-size: 12.0pt; font-family: '한컴바탕'">(휴대전화 : 010-        -         )</span></p>  </td>
<td style="border-left: 0.12mm solid rgb(0,0,0); border-right: 0.12mm solid rgb(0,0,0); border-top: 0.12mm solid rgb(0,0,0); border-bottom: 0.12mm solid rgb(0,0,0); width: 53.0pt"><p style="text-align: center; line-height: 170%"><span style="font-size: 12.0pt; font-family: '한컴바탕'">구분</span></p>  </td>
<td style="border-left: 0.12mm solid rgb(0,0,0); border-right: 0.4mm solid rgb(0,0,0); border-top: 0.12mm solid rgb(0,0,0); border-bottom: 0.12mm solid rgb(0,0,0); width: 82.7pt"><p style="line-height: 170%"><span style="font-size: 12.0pt; font-family: '한컴바탕'">□ 25년 활동</span></p>
<p style="line-height: 170%"><span style="font-size: 12.0pt; font-family: '한컴바탕'">□ 26년 신규</span></p>  </td>
</tr>
<tr>
<td style="border-left: 0.4mm solid rgb(0,0,0); border-right: 0.12mm solid rgb(0,0,0); border-top: 0.12mm solid rgb(0,0,0); border-bottom: 0.12mm solid rgb(0,0,0); width: 66.3pt"><p style="text-align: center"><span style="font-size: 12.0pt; font-family: '한컴바탕'">차기</span></p>
<p style="text-align: center"><span style="font-size: 12.0pt; font-family: '한컴바탕'">동아리장</span></p>  </td>
<td colspan="2" style="border-left: 0.12mm solid rgb(0,0,0); border-right: 0.12mm solid rgb(0,0,0); border-top: 0.12mm solid rgb(0,0,0); border-bottom: 0.12mm solid rgb(0,0,0); width: 271.4pt"><p style="line-height: 170%"><span style="font-size: 12.0pt; font-family: '한컴바탕'">학번:           이름:     </span></p>
<p style="line-height: 170%"><span style="font-size: 12.0pt; font-family: '한컴바탕'">(휴대전화 : 010-        -         )</span></p>  </td>
<td style="border-left: 0.12mm solid rgb(0,0,0); border-right: 0.12mm solid rgb(0,0,0); border-top: 0.12mm solid rgb(0,0,0); border-bottom: 0.12mm solid rgb(0,0,0); width: 53.0pt">  </td>
<td style="border-left: 0.12mm solid rgb(0,0,0); border-right: 0.4mm solid rgb(0,0,0); border-top: 0.12mm solid rgb(0,0,0); border-bottom: 0.12mm solid rgb(0,0,0); width: 82.7pt">  </td>
</tr>
<tr>
<td rowspan="5" style="border-left: 0.4mm solid rgb(0,0,0); border-right: 0.12mm solid rgb(0,0,0); border-top: 0.12mm solid rgb(0,0,0); border-bottom: 0.12mm solid rgb(0,0,0); width: 66.3pt"><p style="text-align: center"><span style="font-size: 12.0pt; font-family: '한컴바탕'">동아리원</span></p>  </td>
<td style="border-left: 0.12mm solid rgb(0,0,0); border-right: 0.12mm solid rgb(0,0,0); border-top: 0.12mm solid rgb(0,0,0); border-bottom: 0.12mm solid rgb(0,0,0); width: 135.7pt"><p style="line-height: 170%"><span style="font-size: 12.0pt; font-family: '한컴바탕'">(학번:0000) 홍길동 </span></p>  </td>
<td style="border-left: 0.12mm solid rgb(0,0,0); border-right: 0.12mm solid rgb(0,0,0); border-top: 0.12mm solid rgb(0,0,0); border-bottom: 0.12mm solid rgb(0,0,0); width: 135.7pt"><p style="line-height: 170%"><span style="font-size: 12.0pt; font-family: '한컴바탕'">(         )</span></p>  </td>
<td colspan="2" style="border-left: 0.12mm solid rgb(0,0,0); border-right: 0.4mm solid rgb(0,0,0); border-top: 0.12mm solid rgb(0,0,0); border-bottom: 0.12mm solid rgb(0,0,0); width: 135.7pt"><p style="line-height: 170%"><span style="font-size: 12.0pt; font-family: '한컴바탕'">(         )</span></p>  </td>
</tr>
<tr>
<td style="border-left: 0.12mm solid rgb(0,0,0); border-right: 0.12mm solid rgb(0,0,0); border-top: 0.12mm solid rgb(0,0,0); border-bottom: 0.12mm solid rgb(0,0,0); width: 135.7pt"><p style="line-height: 170%"><span style="font-size: 12.0pt; font-family: '한컴바탕'">(         )</span></p>  </td>
<td style="border-left: 0.12mm solid rgb(0,0,0); border-right: 0.12mm solid rgb(0,0,0); border-top: 0.12mm solid rgb(0,0,0); border-bottom: 0.12mm solid rgb(0,0,0); width: 135.7pt"><p style="line-height: 170%"><span style="font-size: 12.0pt; font-family: '한컴바탕'">(         )</span></p>  </td>
<td colspan="2" style="border-left: 0.12mm solid rgb(0,0,0); border-right: 0.4mm solid rgb(0,0,0); border-top: 0.12mm solid rgb(0,0,0); border-bottom: 0.12mm solid rgb(0,0,0); width: 135.7pt"><p style="line-height: 170%"><span style="font-size: 12.0pt; font-family: '한컴바탕'">(         )</span></p>  </td>
</tr>
<tr>
<td style="border-left: 0.12mm solid rgb(0,0,0); border-right: 0.12mm solid rgb(0,0,0); border-top: 0.12mm solid rgb(0,0,0); border-bottom: 0.12mm solid rgb(0,0,0); width: 135.7pt"><p style="line-height: 170%"><span style="font-size: 12.0pt; font-family: '한컴바탕'">(         )</span></p>  </td>
<td style="border-left: 0.12mm solid rgb(0,0,0); border-right: 0.12mm solid rgb(0,0,0); border-top: 0.12mm solid rgb(0,0,0); border-bottom: 0.12mm solid rgb(0,0,0); width: 135.7pt"><p style="line-height: 170%"><span style="font-size: 12.0pt; font-family: '한컴바탕'">(         )</span></p>  </td>
<td colspan="2" style="border-left: 0.12mm solid rgb(0,0,0); border-right: 0.4mm solid rgb(0,0,0); border-top: 0.12mm solid rgb(0,0,0); border-bottom: 0.12mm solid rgb(0,0,0); width: 135.7pt"><p style="line-height: 170%"><span style="font-size: 12.0pt; font-family: '한컴바탕'">(         )</span></p>  </td>
</tr>
<tr>
<td style="border-left: 0.12mm solid rgb(0,0,0); border-right: 0.12mm solid rgb(0,0,0); border-top: 0.12mm solid rgb(0,0,0); border-bottom: 0.12mm solid rgb(0,0,0); width: 135.7pt"><p style="line-height: 170%"><span style="font-size: 12.0pt; font-family: '한컴바탕'">(         )</span></p>  </td>
<td style="border-left: 0.12mm solid rgb(0,0,0); border-right: 0.12mm solid rgb(0,0,0); border-top: 0.12mm solid rgb(0,0,0); border-bottom: 0.12mm solid rgb(0,0,0); width: 135.7pt"><p style="line-height: 170%"><span style="font-size: 12.0pt; font-family: '한컴바탕'">(         )</span></p>  </td>
<td colspan="2" style="border-left: 0.12mm solid rgb(0,0,0); border-right: 0.4mm solid rgb(0,0,0); border-top: 0.12mm solid rgb(0,0,0); border-bottom: 0.12mm solid rgb(0,0,0); width: 135.7pt"><p style="line-height: 170%"><span style="font-size: 12.0pt; font-family: '한컴바탕'">(         )</span></p>  </td>
</tr>
<tr>
<td style="border-left: 0.12mm solid rgb(0,0,0); border-right: 0.12mm solid rgb(0,0,0); border-top: 0.12mm solid rgb(0,0,0); border-bottom: 0.12mm solid rgb(0,0,0); width: 135.7pt"><p style="line-height: 170%"><span style="font-size: 12.0pt; font-family: '한컴바탕'">(         )</span></p>  </td>
<td style="border-left: 0.12mm solid rgb(0,0,0); border-right: 0.12mm solid rgb(0,0,0); border-top: 0.12mm solid rgb(0,0,0); border-bottom: 0.12mm solid rgb(0,0,0); width: 135.7pt"><p style="line-height: 170%"><span style="font-size: 12.0pt; font-family: '한컴바탕'">(         )</span></p>  </td>
<td colspan="2" style="border-left: 0.12mm solid rgb(0,0,0); border-right: 0.4mm solid rgb(0,0,0); border-top: 0.12mm solid rgb(0,0,0); border-bottom: 0.12mm solid rgb(0,0,0); width: 135.7pt"><p style="line-height: 170%"><span style="font-size: 12.0pt; font-family: '한컴바탕'">(         )</span></p>  </td>
</tr>
<tr>
<td style="border-left: 0.4mm solid rgb(0,0,0); border-right: 0.12mm solid rgb(0,0,0); border-top: 0.12mm solid rgb(0,0,0); border-bottom: 0.4mm solid rgb(0,0,0); width: 66.3pt"><p style="text-align: center"><span style="font-size: 12.0pt; font-family: '한컴바탕'">활동목표</span></p>  </td>
<td colspan="4" style="border-left: 0.12mm solid rgb(0,0,0); border-right: 0.4mm solid rgb(0,0,0); border-top: 0.12mm solid rgb(0,0,0); border-bottom: 0.4mm solid rgb(0,0,0); width: 407.1pt"><p style="text-align: left; line-height: 130%"><span style="font-size: 12.0pt; font-family: '한컴바탕'">1.(2026년)</span></p>
<p style="text-align: left; line-height: 130%"><span style="font-size: 12.0pt; font-family: '한컴바탕'">2.(2027년)</span></p>  </td>
</tr>
<tr>
<td style="border-left: 0.4mm solid rgb(0,0,0); border-right: 0.12mm solid rgb(0,0,0); border-top: 0.4mm solid rgb(0,0,0); border-bottom: 0.12mm solid rgb(0,0,0); width: 66.3pt">  </td>
<td colspan="3" style="border-left: 0.12mm solid rgb(0,0,0); border-right: 0.12mm solid rgb(0,0,0); border-top: 0.4mm solid rgb(0,0,0); border-bottom: 0.12mm solid rgb(0,0,0); width: 324.4pt"><p style="text-align: center"><span style="font-size: 12.0pt; font-family: '한컴바탕'">동아리 활동 내용</span></p>  </td>
<td style="border-left: 0.12mm solid rgb(0,0,0); border-right: 0.4mm solid rgb(0,0,0); border-top: 0.4mm solid rgb(0,0,0); border-bottom: 0.12mm solid rgb(0,0,0); width: 82.7pt"><p style="text-align: center"><span style="font-size: 12.0pt; font-family: '한컴바탕'">비고</span></p>  </td>
</tr>
<tr>
<td style="border-left: 0.4mm solid rgb(0,0,0); border-right: 0.12mm solid rgb(0,0,0); border-top: 0.12mm solid rgb(0,0,0); border-bottom: 0.12mm solid rgb(0,0,0); width: 66.3pt"><p style="text-align: center; line-height: 150%"><span style="font-size: 12.0pt; font-family: '한컴바탕'">4월</span></p>  </td>
<td colspan="3" style="border-left: 0.12mm solid rgb(0,0,0); border-right: 0.12mm solid rgb(0,0,0); border-top: 0.12mm solid rgb(0,0,0); border-bottom: 0.12mm solid rgb(0,0,0); width: 324.4pt">  </td>
<td style="border-left: 0.12mm solid rgb(0,0,0); border-right: 0.4mm solid rgb(0,0,0); border-top: 0.12mm solid rgb(0,0,0); border-bottom: 0.12mm solid rgb(0,0,0); width: 82.7pt">  </td>
</tr>
<tr>
<td style="border-left: 0.4mm solid rgb(0,0,0); border-right: 0.12mm solid rgb(0,0,0); border-top: 0.12mm solid rgb(0,0,0); border-bottom: 0.12mm solid rgb(0,0,0); width: 66.3pt"><p style="text-align: center; line-height: 150%"><span style="font-size: 12.0pt; font-family: '한컴바탕'">5월</span></p>  </td>
<td colspan="3" style="border-left: 0.12mm solid rgb(0,0,0); border-right: 0.12mm solid rgb(0,0,0); border-top: 0.12mm solid rgb(0,0,0); border-bottom: 0.12mm solid rgb(0,0,0); width: 324.4pt">  </td>
<td style="border-left: 0.12mm solid rgb(0,0,0); border-right: 0.4mm solid rgb(0,0,0); border-top: 0.12mm solid rgb(0,0,0); border-bottom: 0.12mm solid rgb(0,0,0); width: 82.7pt">  </td>
</tr>
<tr>
<td style="border-left: 0.4mm solid rgb(0,0,0); border-right: 0.12mm solid rgb(0,0,0); border-top: 0.12mm solid rgb(0,0,0); border-bottom: 0.12mm solid rgb(0,0,0); width: 66.3pt"><p style="text-align: center; line-height: 150%"><span style="font-size: 12.0pt; font-family: '한컴바탕'">6월</span></p>  </td>
<td colspan="3" style="border-left: 0.12mm solid rgb(0,0,0); border-right: 0.12mm solid rgb(0,0,0); border-top: 0.12mm solid rgb(0,0,0); border-bottom: 0.12mm solid rgb(0,0,0); width: 324.4pt">  </td>
<td style="border-left: 0.12mm solid rgb(0,0,0); border-right: 0.4mm solid rgb(0,0,0); border-top: 0.12mm solid rgb(0,0,0); border-bottom: 0.12mm solid rgb(0,0,0); width: 82.7pt">  </td>
</tr>
<tr>
<td style="border-left: 0.4mm solid rgb(0,0,0); border-right: 0.12mm solid rgb(0,0,0); border-top: 0.12mm solid rgb(0,0,0); border-bottom: 0.12mm solid rgb(0,0,0); width: 66.3pt"><p style="text-align: center; line-height: 150%"><span style="font-size: 12.0pt; font-family: '한컴바탕'">7월</span></p>  </td>
<td colspan="3" style="border-left: 0.12mm solid rgb(0,0,0); border-right: 0.12mm solid rgb(0,0,0); border-top: 0.12mm solid rgb(0,0,0); border-bottom: 0.12mm solid rgb(0,0,0); width: 324.4pt">  </td>
<td style="border-left: 0.12mm solid rgb(0,0,0); border-right: 0.4mm solid rgb(0,0,0); border-top: 0.12mm solid rgb(0,0,0); border-bottom: 0.12mm solid rgb(0,0,0); width: 82.7pt">  </td>
</tr>
<tr>
<td style="border-left: 0.4mm solid rgb(0,0,0); border-right: 0.12mm solid rgb(0,0,0); border-top: 0.12mm solid rgb(0,0,0); border-bottom: 0.12mm solid rgb(0,0,0); width: 66.3pt"><p style="text-align: center; line-height: 150%"><span style="font-size: 12.0pt; font-family: '한컴바탕'">8월</span></p>  </td>
<td colspan="3" style="border-left: 0.12mm solid rgb(0,0,0); border-right: 0.12mm solid rgb(0,0,0); border-top: 0.12mm solid rgb(0,0,0); border-bottom: 0.12mm solid rgb(0,0,0); width: 324.4pt">  </td>
<td style="border-left: 0.12mm solid rgb(0,0,0); border-right: 0.4mm solid rgb(0,0,0); border-top: 0.12mm solid rgb(0,0,0); border-bottom: 0.12mm solid rgb(0,0,0); width: 82.7pt">  </td>
</tr>
<tr>
<td style="border-left: 0.4mm solid rgb(0,0,0); border-right: 0.12mm solid rgb(0,0,0); border-top: 0.12mm solid rgb(0,0,0); border-bottom: 0.12mm solid rgb(0,0,0); width: 66.3pt"><p style="text-align: center; line-height: 150%"><span style="font-size: 12.0pt; font-family: '한컴바탕'">9월</span></p>  </td>
<td colspan="3" style="border-left: 0.12mm solid rgb(0,0,0); border-right: 0.12mm solid rgb(0,0,0); border-top: 0.12mm solid rgb(0,0,0); border-bottom: 0.12mm solid rgb(0,0,0); width: 324.4pt">  </td>
<td style="border-left: 0.12mm solid rgb(0,0,0); border-right: 0.4mm solid rgb(0,0,0); border-top: 0.12mm solid rgb(0,0,0); border-bottom: 0.12mm solid rgb(0,0,0); width: 82.7pt">  </td>
</tr>
<tr>
<td style="border-left: 0.4mm solid rgb(0,0,0); border-right: 0.12mm solid rgb(0,0,0); border-top: 0.12mm solid rgb(0,0,0); border-bottom: 0.12mm solid rgb(0,0,0); width: 66.3pt"><p style="text-align: center; line-height: 150%"><span style="font-size: 12.0pt; font-family: '한컴바탕'">10월</span></p>  </td>
<td colspan="3" style="border-left: 0.12mm solid rgb(0,0,0); border-right: 0.12mm solid rgb(0,0,0); border-top: 0.12mm solid rgb(0,0,0); border-bottom: 0.12mm solid rgb(0,0,0); width: 324.4pt">  </td>
<td style="border-left: 0.12mm solid rgb(0,0,0); border-right: 0.4mm solid rgb(0,0,0); border-top: 0.12mm solid rgb(0,0,0); border-bottom: 0.12mm solid rgb(0,0,0); width: 82.7pt">  </td>
</tr>
<tr>
<td style="border-left: 0.4mm solid rgb(0,0,0); border-right: 0.12mm solid rgb(0,0,0); border-top: 0.12mm solid rgb(0,0,0); border-bottom: 0.12mm solid rgb(0,0,0); width: 66.3pt"><p style="text-align: center; line-height: 150%"><span style="font-size: 12.0pt; font-family: '한컴바탕'">11월</span></p>  </td>
<td colspan="3" style="border-left: 0.12mm solid rgb(0,0,0); border-right: 0.12mm solid rgb(0,0,0); border-top: 0.12mm solid rgb(0,0,0); border-bottom: 0.12mm solid rgb(0,0,0); width: 324.4pt">  </td>
<td style="border-left: 0.12mm solid rgb(0,0,0); border-right: 0.4mm solid rgb(0,0,0); border-top: 0.12mm solid rgb(0,0,0); border-bottom: 0.12mm solid rgb(0,0,0); width: 82.7pt">  </td>
</tr>
<tr>
<td style="border-left: 0.4mm solid rgb(0,0,0); border-right: 0.12mm solid rgb(0,0,0); border-top: 0.12mm solid rgb(0,0,0); border-bottom: 0.12mm solid rgb(0,0,0); width: 66.3pt"><p style="text-align: center; line-height: 150%"><span style="font-size: 12.0pt; font-family: '한컴바탕'">12월</span></p>  </td>
<td colspan="3" style="border-left: 0.12mm solid rgb(0,0,0); border-right: 0.12mm solid rgb(0,0,0); border-top: 0.12mm solid rgb(0,0,0); border-bottom: 0.12mm solid rgb(0,0,0); width: 324.4pt">  </td>
<td style="border-left: 0.12mm solid rgb(0,0,0); border-right: 0.4mm solid rgb(0,0,0); border-top: 0.12mm solid rgb(0,0,0); border-bottom: 0.12mm solid rgb(0,0,0); width: 82.7pt">  </td>
</tr>
<tr>
<td style="border-left: 0.4mm solid rgb(0,0,0); border-right: 0.12mm solid rgb(0,0,0); border-top: 0.12mm solid rgb(0,0,0); border-bottom: 0.4mm solid rgb(0,0,0); width: 66.3pt"><p style="text-align: center; line-height: 150%"><span style="font-size: 12.0pt; font-family: '한컴바탕'">1-2월</span></p>  </td>
<td colspan="3" style="border-left: 0.12mm solid rgb(0,0,0); border-right: 0.12mm solid rgb(0,0,0); border-top: 0.12mm solid rgb(0,0,0); border-bottom: 0.4mm solid rgb(0,0,0); width: 324.4pt">  </td>
<td style="border-left: 0.12mm solid rgb(0,0,0); border-right: 0.4mm solid rgb(0,0,0); border-top: 0.12mm solid rgb(0,0,0); border-bottom: 0.4mm solid rgb(0,0,0); width: 82.7pt">  </td>
</tr>
</table><span style="font-size: 11.0pt; font-family: '함초롬바탕'"> </span>
<hr class="hwp-page-break">
<p><span style="font-size: 10.0pt; font-family: '한컴바탕'"><b>[붙임 2]</b></span></p>
<p style="text-align: center; line-height: 120%"><span style="font-size: 16.0pt; font-family: 'HY헤드라인M'">2026학년도 자율(전공)동아리 보고서</span></p>
<table class="hwp-table" style="border-collapse: collapse; border-left: 0.12mm solid rgb(0,0,0); border-right: 0.12mm solid rgb(0,0,0); border-top: 0.12mm solid rgb(0,0,0); border-bottom: 0.12mm solid rgb(0,0,0)">
<tr>
<td style="border-left: 0.4mm solid rgb(0,0,0); border-right: 0.12mm solid rgb(0,0,0); border-top: 0.4mm solid rgb(0,0,0); border-bottom: 0.12mm solid rgb(0,0,0); width: 66.3pt"><p style="text-align: center"><span style="font-size: 12.0pt; font-family: '한컴바탕'">동아리명</span></p>  </td>
<td style="border-left: 0.12mm solid rgb(0,0,0); border-right: 0.12mm solid rgb(0,0,0); border-top: 0.4mm solid rgb(0,0,0); border-bottom: 0.12mm solid rgb(0,0,0); width: 150.2pt">  </td>
<td style="border-left: 0.12mm solid rgb(0,0,0); border-right: 0.12mm solid rgb(0,0,0); border-top: 0.4mm solid rgb(0,0,0); border-bottom: 0.12mm solid rgb(0,0,0); width: 81.8pt"><p style="text-align: center; line-height: 170%"><span style="font-size: 12.0pt; font-family: '한컴바탕'">지도교사</span></p>  </td>
<td style="border-left: 0.12mm solid rgb(0,0,0); border-right: 0.4mm solid rgb(0,0,0); border-top: 0.4mm solid rgb(0,0,0); border-bottom: 0.12mm solid rgb(0,0,0); width: 175.1pt">  </td>
</tr>
<tr>
<td style="border-left: 0.4mm solid rgb(0,0,0); border-right: 0.12mm solid rgb(0,0,0); border-top: 0.12mm solid rgb(0,0,0); border-bottom: 0.12mm solid rgb(0,0,0); width: 66.3pt"><p style="text-align: center"><span style="font-size: 12.0pt; font-family: '한컴바탕'">동아리장</span></p>  </td>
<td style="border-left: 0.12mm solid rgb(0,0,0); border-right: 0.12mm solid rgb(0,0,0); border-top: 0.12mm solid rgb(0,0,0); border-bottom: 0.12mm solid rgb(0,0,0); width: 150.2pt">  </td>
<td style="border-left: 0.12mm solid rgb(0,0,0); border-right: 0.12mm solid rgb(0,0,0); border-top: 0.12mm solid rgb(0,0,0); border-bottom: 0.12mm solid rgb(0,0,0); width: 81.8pt"><p style="text-align: center; line-height: 170%"><span style="font-size: 12.0pt; font-family: '한컴바탕'">동아리실</span></p>  </td>
<td style="border-left: 0.12mm solid rgb(0,0,0); border-right: 0.4mm solid rgb(0,0,0); border-top: 0.12mm solid rgb(0,0,0); border-bottom: 0.12mm solid rgb(0,0,0); width: 175.1pt">  </td>
</tr>
<tr>
<td style="border-left: 0.4mm solid rgb(0,0,0); border-right: 0.12mm solid rgb(0,0,0); border-top: 0.12mm solid rgb(0,0,0); border-bottom: 0.12mm solid rgb(0,0,0); width: 66.3pt"><p style="text-align: center"><span style="font-size: 12.0pt; font-family: '한컴바탕'">동아리</span></p>
<p style="text-align: center"><span style="font-size: 12.0pt; font-family: '한컴바탕'">활동시간</span></p>  </td>
<td colspan="3" style="border-left: 0.12mm solid rgb(0,0,0); border-right: 0.4mm solid rgb(0,0,0); border-top: 0.12mm solid rgb(0,0,0); border-bottom: 0.12mm solid rgb(0,0,0); width: 407.1pt"><p style="text-align: center; line-height: 170%"><span style="font-size: 12.0pt; font-family: '한컴바탕'">매주 화요일(</span><span style="font-size: 12.0pt; font-family: '한컴바탕'">8-10교시)</span><span style="font-size: 12.0pt; font-family: '한컴바탕'">, 금요일(6</span><span style="font-size: 12.0pt; font-family: '한컴바탕'">-10교시)</span></p>  </td>
</tr>
<tr>
<td style="border-left: 0.4mm solid rgb(0,0,0); border-right: 0.12mm solid rgb(0,0,0); border-top: 0.12mm solid rgb(0,0,0); border-bottom: 0.4mm solid rgb(0,0,0); width: 66.3pt"><p style="text-align: center"><span style="font-size: 12.0pt; font-family: '한컴바탕'">목표</span></p>  </td>
<td colspan="3" style="border-left: 0.12mm solid rgb(0,0,0); border-right: 0.4mm solid rgb(0,0,0); border-top: 0.12mm solid rgb(0,0,0); border-bottom: 0.4mm solid rgb(0,0,0); width: 407.1pt"><p style="text-align: left; line-height: 130%"><span style="font-size: 12.0pt; font-family: '한컴바탕'">1.</span></p>
<p style="text-align: left; line-height: 130%"><span style="font-size: 12.0pt; font-family: '한컴바탕'">2.</span></p>  </td>
</tr>
<tr>
<td colspan="4" style="border-left: 0.4mm solid rgb(0,0,0); border-right: 0.4mm solid rgb(0,0,0); border-top: 0.4mm solid rgb(0,0,0); border-bottom: 0.12mm solid rgb(0,0,0); width: 473.4pt"><p><span style="font-size: 12.0pt; font-family: '한컴바탕'">동아리 활동내용(</span><span style="font-size: 12.0pt; font-family: '한컴바탕'"><b>멘토링 활동내용 필수</b></span><span style="font-size: 12.0pt; font-family: '한컴바탕'">)</span></p>  </td>
</tr>
<tr>
<td colspan="4" style="border-left: 0.4mm solid rgb(0,0,0); border-right: 0.4mm solid rgb(0,0,0); border-top: 0.12mm solid rgb(0,0,0); border-bottom: 0.12mm solid rgb(0,0,0); width: 473.4pt"><p><span style="font-size: 12.0pt; font-family: '한컴바탕'">4월</span></p>  </td>
</tr>
<tr>
<td colspan="4" style="border-left: 0.4mm solid rgb(0,0,0); border-right: 0.4mm solid rgb(0,0,0); border-top: 0.12mm solid rgb(0,0,0); border-bottom: 0.12mm solid rgb(0,0,0); width: 473.4pt"><p><span style="font-size: 12.0pt; font-family: '한컴바탕'">5월</span></p>  </td>
</tr>
<tr>
<td colspan="4" style="border-left: 0.4mm solid rgb(0,0,0); border-right: 0.4mm solid rgb(0,0,0); border-top: 0.12mm solid rgb(0,0,0); border-bottom: 0.12mm solid rgb(0,0,0); width: 473.4pt"><p><span style="font-size: 12.0pt; font-family: '한컴바탕'">6월</span></p>  </td>
</tr>
<tr>
<td colspan="4" style="border-left: 0.4mm solid rgb(0,0,0); border-right: 0.4mm solid rgb(0,0,0); border-top: 0.12mm solid rgb(0,0,0); border-bottom: 0.4mm solid rgb(0,0,0); width: 473.4pt"><p><span style="font-size: 12.0pt; font-family: '한컴바탕'">7월</span></p>  </td>
</tr>
</table>
<table class="hwp-table" style="border-collapse: collapse; border-left: 0.12mm solid rgb(0,0,0); border-right: 0.12mm solid rgb(0,0,0); border-top: 0.12mm solid rgb(0,0,0); border-bottom: 0.12mm solid rgb(0,0,0)">
<tr>
<td style="border-left: 0.4mm solid rgb(0,0,0); border-right: 0.4mm solid rgb(0,0,0); border-top: 0.4mm solid rgb(0,0,0); border-bottom: 0.4mm solid rgb(0,0,0); width: 473.4pt"><p><span style="font-size: 12.0pt; font-family: '한컴바탕'">8월</span></p>  </td>
</tr>
<tr>
<td style="border-left: 0.4mm solid rgb(0,0,0); border-right: 0.4mm solid rgb(0,0,0); border-top: 0.4mm solid rgb(0,0,0); border-bottom: 0.4mm solid rgb(0,0,0); width: 473.4pt"><p><span style="font-size: 12.0pt; font-family: '한컴바탕'">9월</span></p>  </td>
</tr>
<tr>
<td style="border-left: 0.4mm solid rgb(0,0,0); border-right: 0.4mm solid rgb(0,0,0); border-top: 0.4mm solid rgb(0,0,0); border-bottom: 0.4mm solid rgb(0,0,0); width: 473.4pt"><p><span style="font-size: 12.0pt; font-family: '한컴바탕'">10월</span></p>  </td>
</tr>
<tr>
<td style="border-left: 0.4mm solid rgb(0,0,0); border-right: 0.4mm solid rgb(0,0,0); border-top: 0.4mm solid rgb(0,0,0); border-bottom: 0.4mm solid rgb(0,0,0); width: 473.4pt"><p><span style="font-size: 12.0pt; font-family: '한컴바탕'">11월</span></p>  </td>
</tr>
<tr>
<td style="border-left: 0.4mm solid rgb(0,0,0); border-right: 0.4mm solid rgb(0,0,0); border-top: 0.4mm solid rgb(0,0,0); border-bottom: 0.4mm solid rgb(0,0,0); width: 473.4pt"><p><span style="font-size: 12.0pt; font-family: '한컴바탕'">12월</span></p>  </td>
</tr>
</table>
<p style="text-align: right"><span style="font-size: 11.0pt; font-family: '함초롬바탕'">지도교사: </span><span style="font-size: 11.0pt; font-family: '함초롬바탕'"><u>                   (서명)</u></span></p>
<hr class="hwp-page-break">
<p><span style="font-size: 10.0pt; font-family: '한컴바탕'"><b>[붙임 3]</b></span></p>
<p style="text-align: center"><span style="font-size: 24.0pt; font-family: 'HY헤드라인M'"><b>2026학년도</b></span></p>
<p style="text-align: center"><span style="font-size: 24.0pt; font-family: 'HY헤드라인M'"><b>자율(전공) 동아리 프로젝트 보고서</b></span></p>
<p style="text-align: center"><span style="font-size: 24.0pt; font-family: 'HY헤드라인M'"><b>    </b></span><span style="font-size: 10.0pt; font-family: 'HY헤드라인M'"><b>                 </b></span></p>
<div class="hwp-textbox"><p style="text-align: center"><span style="font-size: 20.0pt; font-family: 'HY헤드라인M'; color: rgb(0,0,255)">주제</span></p></div>
<table class="hwp-table" style="border-collapse: collapse; border-left: 0.12mm solid rgb(0,0,0); border-right: 0.12mm solid rgb(0,0,0); border-top: 0.12mm solid rgb(0,0,0); border-bottom: 0.12mm solid rgb(0,0,0)">
<tr>
<td style="border-left: 0.4mm solid rgb(0,0,0); border-right: 0.12mm solid rgb(0,0,0); border-top: 0.4mm solid rgb(0,0,0); border-bottom: 0.4mm solid rgb(0,0,0); width: 136.2pt"><p style="text-align: center; line-height: 180%"><span style="font-size: 18.0pt; font-family: '굴림'"><b>명단</b></span></p>  </td>
<td style="border-left: 0.12mm solid rgb(0,0,0); border-right: 0.4mm solid rgb(0,0,0); border-top: 0.4mm solid rgb(0,0,0); border-bottom: 0.4mm solid rgb(0,0,0); width: 306.0pt"><p style="text-align: center; line-height: 170%"><span style="font-size: 12.0pt; font-family: '한컴바탕'; color: rgb(191,191,191)">1111홍길동, 2112김철수, ...(학번 오름차순으로 작성)</span></p>  </td>
</tr>
<tr>
<td style="border-left: 0.4mm solid rgb(0,0,0); border-right: 0.12mm solid rgb(0,0,0); border-top: 0.4mm solid rgb(0,0,0); border-bottom: 0.4mm solid rgb(0,0,0); width: 136.2pt"><p style="text-align: center; line-height: 180%"><span style="font-size: 18.0pt; font-family: '굴림'"><b>담당교사 확인 </b></span></p>  </td>
<td style="border-left: 0.12mm solid rgb(0,0,0); border-right: 0.4mm solid rgb(0,0,0); border-top: 0.4mm solid rgb(0,0,0); border-bottom: 0.4mm solid rgb(0,0,0); width: 306.0pt">  </td>
</tr>
</table>
<p style="text-align: center"><span style="font-size: 24.0pt; font-family: 'HY헤드라인M'"><b>대덕소프트웨어마이스터고등학교</b></span></p>
<hr class="hwp-page-break">
<p><span style="font-size: 14.0pt; font-family: '휴먼엑스포'"><b>※ 보고서 작성 요령 </b></span></p>
<table class="hwp-table" style="border-collapse: collapse; border-left: 0.12mm solid rgb(0,0,0); border-right: 0.12mm solid rgb(0,0,0); border-top: 0.12mm solid rgb(0,0,0); border-bottom: 0.12mm solid rgb(0,0,0)">
<tr>
<td style="border-left: 0.5mm solid rgb(0,0,0); border-right: 0.5mm solid rgb(0,0,0); border-top: 0.5mm solid rgb(0,0,0); border-bottom: 0.5mm solid rgb(0,0,0); width: 479.0pt"><p style="text-align: left; line-height: 200%; margin-left: 20.0pt"><span style="font-size: 15.0pt; font-family: '휴먼명조'">Ⅰ. 프로젝트 실행 동기 및 목적</span></p>
<p style="text-align: left; line-height: 200%; margin-left: 20.0pt"><span style="font-size: 15.0pt; font-family: '휴먼명조'">  1.</span></p>
<p style="text-align: left; line-height: 200%; margin-left: 20.0pt"><span style="font-size: 15.0pt; font-family: '휴먼명조'">    가. </span></p>
<p style="text-align: left; line-height: 200%; margin-left: 20.0pt"><span style="font-size: 15.0pt; font-family: '휴먼명조'">      1) </span></p>
<p style="text-align: left; line-height: 200%; margin-left: 20.0pt"><span style="font-size: 15.0pt; font-family: '휴먼명조'">        가)</span></p>
<p style="line-height: 200%; margin-left: 20.0pt"><span style="font-size: 15.0pt; font-family: '휴먼명조'">Ⅱ. 이론적 배경(기존 사례 또는 문헌 연구 결과)</span></p>
<p style="line-height: 200%; margin-left: 20.0pt"><span style="font-size: 15.0pt; font-family: '휴먼명조'">Ⅲ. 프로젝트 방법 및 과정</span></p>
<p style="line-height: 200%; margin-left: 20.0pt"><span style="font-size: 15.0pt; font-family: '휴먼명조'">Ⅳ. 프로젝트 결과</span></p>
<p style="line-height: 200%; margin-left: 20.0pt"><span style="font-size: 15.0pt; font-family: '휴먼명조'">Ⅴ. 결론 및 고찰</span></p>
<p style="line-height: 200%; margin-left: 20.0pt"><span style="font-size: 15.0pt; font-family: '휴먼명조'">▣ 참고문헌</span></p>
<p><span style="font-size: 12.0pt; font-family: '휴먼명조'; color: rgb(0,0,255)">  ※ 위 작성 요령에 준하여 작성, A4 10매 내외 작성</span></p>  </td>
</tr>
</table>
<hr class="hwp-page-break">
<p><span style="font-size: 10.0pt; font-family: '한컴바탕'"><b>[붙임 4]</b></span></p>
<p style="text-align: center"><span style="font-size: 20.0pt; font-family: '굴림체'"><b>2026학년도 전공(심화)동아리 지도 일지</b></span></p>
<table class="hwp-table" style="border-collapse: collapse; border-left: 0.12mm solid rgb(0,0,0); border-right: 0.12mm solid rgb(0,0,0); border-top: 0.12mm solid rgb(0,0,0); border-bottom: 0.12mm solid rgb(0,0,0)">
<tr>
<td style="border-left: 0.4mm solid rgb(0,0,0); border-right: 0.12mm solid rgb(0,0,0); border-top: 0.4mm solid rgb(0,0,0); border-bottom: 0.12mm solid rgb(0,0,0); width: 95.1pt"><p style="text-align: center; line-height: 200%"><span style="font-size: 13.0pt; font-family: '함초롬바탕'">동아리명</span></p>  </td>
<td colspan="4" style="border-left: 0.12mm solid rgb(0,0,0); border-right: 0.4mm solid rgb(0,0,0); border-top: 0.4mm solid rgb(0,0,0); border-bottom: 0.12mm solid rgb(0,0,0); width: 381.7pt">  </td>
</tr>
<tr>
<td style="border-left: 0.4mm solid rgb(0,0,0); border-right: 0.12mm solid rgb(0,0,0); border-top: 0.12mm solid rgb(0,0,0); border-bottom: 0.12mm solid rgb(0,0,0); width: 95.1pt"><p style="text-align: center; line-height: 200%; text-indent: -168.0pt"><span style="font-size: 13.0pt; font-family: '함초롬바탕'">동아리원</span></p>
<p style="text-align: center; line-height: 200%; text-indent: -168.0pt"><span style="font-size: 13.0pt; font-family: '함초롬바탕'">(총원:    명)</span></p>  </td>
<td colspan="4" style="border-left: 0.12mm solid rgb(0,0,0); border-right: 0.4mm solid rgb(0,0,0); border-top: 0.12mm solid rgb(0,0,0); border-bottom: 0.12mm solid rgb(0,0,0); width: 381.7pt"><p style="text-align: center; line-height: 170%"><span style="font-size: 12.0pt; font-family: '한컴바탕'; color: rgb(191,191,191)">1111홍길동, 2112김철수, ...(학번 오름차순으로 작성)</span></p>  </td>
</tr>
<tr>
<td style="border-left: 0.4mm solid rgb(0,0,0); border-right: 0.12mm solid rgb(0,0,0); border-top: 0.4mm solid rgb(0,0,0); border-bottom: 0.4mm solid rgb(0,0,0); width: 95.1pt"><p style="text-align: center"><span style="font-size: 13.0pt; font-family: '함초롬바탕'">일 정</span></p>  </td>
<td colspan="2" style="border-left: 0.12mm solid rgb(0,0,0); border-right: 0.12mm solid rgb(0,0,0); border-top: 0.4mm solid rgb(0,0,0); border-bottom: 0.4mm solid rgb(0,0,0); width: 285.6pt"><p style="text-align: center"><span style="font-size: 13.0pt; font-family: '함초롬바탕'">지도 활동 및 내용</span></p>  </td>
<td style="border-left: 0.12mm solid rgb(0,0,0); border-right: 0.12mm solid rgb(0,0,0); border-top: 0.4mm solid rgb(0,0,0); border-bottom: 0.4mm solid rgb(0,0,0); width: 46.8pt"><p style="text-align: center"><span style="font-size: 13.0pt; font-family: '함초롬바탕'">시간</span></p>  </td>
<td style="border-left: 0.12mm solid rgb(0,0,0); border-right: 0.4mm solid rgb(0,0,0); border-top: 0.4mm solid rgb(0,0,0); border-bottom: 0.4mm solid rgb(0,0,0); width: 49.4pt"><p style="text-align: center"><span style="font-size: 13.0pt; font-family: '함초롬바탕'">서명</span></p>  </td>
</tr>
<tr>
<td rowspan="2" style="border-left: 0.4mm solid rgb(0,0,0); border-right: 0.12mm solid rgb(0,0,0); border-top: 0.4mm solid rgb(0,0,0); border-bottom: 0.12mm solid rgb(0,0,0); width: 95.1pt"><p style="text-align: center; line-height: 120%"><span style="font-size: 10.0pt; font-family: '함초롬바탕'">   월    일 (   )</span></p>  </td>
<td colspan="2" style="border-left: 0.12mm solid rgb(0,0,0); border-right: 0.12mm solid rgb(0,0,0); border-top: 0.4mm solid rgb(0,0,0); border-bottom: 0.12mm solid rgb(0,0,0); width: 285.6pt">  </td>
<td rowspan="2" style="border-left: 0.12mm solid rgb(0,0,0); border-right: 0.12mm solid rgb(0,0,0); border-top: 0.4mm solid rgb(0,0,0); border-bottom: 0.12mm solid rgb(0,0,0); width: 46.8pt">  </td>
<td rowspan="2" style="border-left: 0.12mm solid rgb(0,0,0); border-right: 0.4mm solid rgb(0,0,0); border-top: 0.4mm solid rgb(0,0,0); border-bottom: 0.12mm solid rgb(0,0,0); width: 49.4pt">  </td>
</tr>
<tr>
<td style="border-left: 0.12mm solid rgb(0,0,0); border-right: 0.12mm solid rgb(0,0,0); border-top: 0.12mm solid rgb(0,0,0); border-bottom: 0.12mm solid rgb(0,0,0); width: 86.2pt"><p><span style="font-size: 10.0pt; font-family: '함초롬바탕'">지도인원:    명</span></p>  </td>
<td style="border-left: 0.12mm solid rgb(0,0,0); border-right: 0.12mm solid rgb(0,0,0); border-top: 0.12mm solid rgb(0,0,0); border-bottom: 0.12mm solid rgb(0,0,0); width: 199.4pt"><p><span style="font-size: 10.0pt; font-family: '함초롬바탕'">결시자: </span><span style="font-size: 10.0pt; font-family: '한컴바탕'; color: rgb(191,191,191)">1111홍길동, 2112김철수</span></p>  </td>
</tr>
<tr>
<td rowspan="2" style="border-left: 0.4mm solid rgb(0,0,0); border-right: 0.12mm solid rgb(0,0,0); border-top: 0.12mm solid rgb(0,0,0); border-bottom: 0.12mm solid rgb(0,0,0); width: 95.1pt"><p style="text-align: center; line-height: 120%"><span style="font-size: 10.0pt; font-family: '함초롬바탕'">   월    일 (   )</span></p>  </td>
<td colspan="2" style="border-left: 0.12mm solid rgb(0,0,0); border-right: 0.12mm solid rgb(0,0,0); border-top: 0.12mm solid rgb(0,0,0); border-bottom: 0.12mm solid rgb(0,0,0); width: 285.6pt">  </td>
<td rowspan="2" style="border-left: 0.12mm solid rgb(0,0,0); border-right: 0.12mm solid rgb(0,0,0); border-top: 0.12mm solid rgb(0,0,0); border-bottom: 0.12mm solid rgb(0,0,0); width: 46.8pt">  </td>
<td rowspan="2" style="border-left: 0.12mm solid rgb(0,0,0); border-right: 0.4mm solid rgb(0,0,0); border-top: 0.12mm solid rgb(0,0,0); border-bottom: 0.12mm solid rgb(0,0,0); width: 49.4pt">  </td>
</tr>
<tr>
<td style="border-left: 0.12mm solid rgb(0,0,0); border-right: 0.12mm solid rgb(0,0,0); border-top: 0.12mm solid rgb(0,0,0); border-bottom: 0.12mm solid rgb(0,0,0); width: 86.2pt"><p><span style="font-size: 10.0pt; font-family: '함초롬바탕'">지도인원:    명</span></p>  </td>
<td style="border-left: 0.12mm solid rgb(0,0,0); border-right: 0.12mm solid rgb(0,0,0); border-top: 0.12mm solid rgb(0,0,0); border-bottom: 0.12mm solid rgb(0,0,0); width: 199.4pt"><p><span style="font-size: 10.0pt; font-family: '함초롬바탕'">결시자: </span></p>  </td>
</tr>
<tr>
<td rowspan="2" style="border-left: 0.4mm solid rgb(0,0,0); border-right: 0.12mm solid rgb(0,0,0); border-top: 0.12mm solid rgb(0,0,0); border-bottom: 0.12mm solid rgb(0,0,0); width: 95.1pt"><p style="text-align: center; line-height: 120%"><span style="font-size: 10.0pt; font-family: '함초롬바탕'">   월    일 (   )</span></p>  </td>
<td colspan="2" style="border-left: 0.12mm solid rgb(0,0,0); border-right: 0.12mm solid rgb(0,0,0); border-top: 0.12mm solid rgb(0,0,0); border-bottom: 0.12mm solid rgb(0,0,0); width: 285.6pt">  </td>
<td rowspan="2" style="border-left: 0.12mm solid rgb(0,0,0); border-right: 0.12mm solid rgb(0,0,0); border-top: 0.12mm solid rgb(0,0,0); border-bottom: 0.12mm solid rgb(0,0,0); width: 46.8pt">  </td>
<td rowspan="2" style="border-left: 0.12mm solid rgb(0,0,0); border-right: 0.4mm solid rgb(0,0,0); border-top: 0.12mm solid rgb(0,0,0); border-bottom: 0.12mm solid rgb(0,0,0); width: 49.4pt">  </td>
</tr>
<tr>
<td style="border-left: 0.12mm solid rgb(0,0,0); border-right: 0.12mm solid rgb(0,0,0); border-top: 0.12mm solid rgb(0,0,0); border-bottom: 0.12mm solid rgb(0,0,0); width: 86.2pt"><p><span style="font-size: 10.0pt; font-family: '함초롬바탕'">지도인원:    명</span></p>  </td>
<td style="border-left: 0.12mm solid rgb(0,0,0); border-right: 0.12mm solid rgb(0,0,0); border-top: 0.12mm solid rgb(0,0,0); border-bottom: 0.12mm solid rgb(0,0,0); width: 199.4pt"><p><span style="font-size: 10.0pt; font-family: '함초롬바탕'">결시자: </span></p>  </td>
</tr>
<tr>
<td rowspan="2" style="border-left: 0.4mm solid rgb(0,0,0); border-right: 0.12mm solid rgb(0,0,0); border-top: 0.12mm solid rgb(0,0,0); border-bottom: 0.12mm solid rgb(0,0,0); width: 95.1pt"><p style="text-align: center; line-height: 120%"><span style="font-size: 10.0pt; font-family: '함초롬바탕'">   월    일 (   )</span></p>  </td>
<td colspan="2" style="border-left: 0.12mm solid rgb(0,0,0); border-right: 0.12mm solid rgb(0,0,0); border-top: 0.12mm solid rgb(0,0,0); border-bottom: 0.12mm solid rgb(0,0,0); width: 285.6pt">  </td>
<td rowspan="2" style="border-left: 0.12mm solid rgb(0,0,0); border-right: 0.12mm solid rgb(0,0,0); border-top: 0.12mm solid rgb(0,0,0); border-bottom: 0.12mm solid rgb(0,0,0); width: 46.8pt">  </td>
<td rowspan="2" style="border-left: 0.12mm solid rgb(0,0,0); border-right: 0.4mm solid rgb(0,0,0); border-top: 0.12mm solid rgb(0,0,0); border-bottom: 0.12mm solid rgb(0,0,0); width: 49.4pt">  </td>
</tr>
<tr>
<td style="border-left: 0.12mm solid rgb(0,0,0); border-right: 0.12mm solid rgb(0,0,0); border-top: 0.12mm solid rgb(0,0,0); border-bottom: 0.12mm solid rgb(0,0,0); width: 86.2pt"><p><span style="font-size: 10.0pt; font-family: '함초롬바탕'">지도인원:    명</span></p>  </td>
<td style="border-left: 0.12mm solid rgb(0,0,0); border-right: 0.12mm solid rgb(0,0,0); border-top: 0.12mm solid rgb(0,0,0); border-bottom: 0.12mm solid rgb(0,0,0); width: 199.4pt"><p><span style="font-size: 10.0pt; font-family: '함초롬바탕'">결시자: </span></p>  </td>
</tr>
<tr>
<td rowspan="2" style="border-left: 0.4mm solid rgb(0,0,0); border-right: 0.12mm solid rgb(0,0,0); border-top: 0.12mm solid rgb(0,0,0); border-bottom: 0.4mm solid rgb(0,0,0); width: 95.1pt"><p style="text-align: center; line-height: 120%"><span style="font-size: 10.0pt; font-family: '함초롬바탕'">   월    일 (   )</span></p>  </td>
<td colspan="2" style="border-left: 0.12mm solid rgb(0,0,0); border-right: 0.12mm solid rgb(0,0,0); border-top: 0.12mm solid rgb(0,0,0); border-bottom: 0.12mm solid rgb(0,0,0); width: 285.6pt">  </td>
<td rowspan="2" style="border-left: 0.12mm solid rgb(0,0,0); border-right: 0.12mm solid rgb(0,0,0); border-top: 0.12mm solid rgb(0,0,0); border-bottom: 0.4mm solid rgb(0,0,0); width: 46.8pt">  </td>
<td rowspan="2" style="border-left: 0.12mm solid rgb(0,0,0); border-right: 0.4mm solid rgb(0,0,0); border-top: 0.12mm solid rgb(0,0,0); border-bottom: 0.4mm solid rgb(0,0,0); width: 49.4pt">  </td>
</tr>
<tr>
<td style="border-left: 0.12mm solid rgb(0,0,0); border-right: 0.12mm solid rgb(0,0,0); border-top: 0.12mm solid rgb(0,0,0); border-bottom: 0.4mm solid rgb(0,0,0); width: 86.2pt"><p><span style="font-size: 10.0pt; font-family: '함초롬바탕'">지도인원:    명</span></p>  </td>
<td style="border-left: 0.12mm solid rgb(0,0,0); border-right: 0.12mm solid rgb(0,0,0); border-top: 0.12mm solid rgb(0,0,0); border-bottom: 0.4mm solid rgb(0,0,0); width: 199.4pt"><p><span style="font-size: 10.0pt; font-family: '함초롬바탕'">결시자: </span></p>  </td>
</tr>
</table>
<p style="text-align: right; line-height: 110%"><span style="font-size: 14.0pt; font-family: '한컴바탕'"><b>지도 교사  :               (인)</b></span></p>
<hr class="hwp-page-break">
<p><span style="font-size: 10.0pt; font-family: '한컴바탕'"><b>[붙임 5]</b></span></p>
<p style="text-align: center; line-height: 120%"><span style="font-size: 20.0pt; font-family: '한컴바탕'"><b>SW전문가 멘토 지원서</b></span></p>
<table class="hwp-table" style="border-collapse: collapse; border-left: 0.12mm solid rgb(0,0,0); border-right: 0.12mm solid rgb(0,0,0); border-top: 0.12mm solid rgb(0,0,0); border-bottom: 0.12mm solid rgb(0,0,0)">
<tr>
<td style="border-left: 0.4mm solid rgb(0,0,0); border-right: 0.12mm solid rgb(0,0,0); border-top: 0.4mm solid rgb(0,0,0); border-bottom: 0.4mm solid rgb(0,0,0); width: 46.1pt"><p style="text-align: center; line-height: 130%"><span style="font-size: 11.0pt; font-family: '한컴바탕'">접수</span></p>
<p style="text-align: center; line-height: 130%"><span style="font-size: 11.0pt; font-family: '한컴바탕'">번호</span></p>  </td>
<td colspan="4" style="border-left: 0.12mm solid rgb(0,0,0); border-right: 0.4mm solid rgb(0,0,0); border-top: 0.4mm solid rgb(0,0,0); border-bottom: 0.4mm solid rgb(0,0,0); width: 83.0pt"><p style="line-height: 130%"><span style="font-size: 10.0pt; font-family: '한컴바탕'"> 2026-</span></p>  </td>
<td colspan="4" style="border-left: 0.4mm solid rgb(0,0,0); border-bottom: 0.4mm solid rgb(0,0,0); width: 339.9pt">  </td>
</tr>
<tr>
<td rowspan="5" style="border-left: 0.4mm solid rgb(0,0,0); border-right: 0.12mm solid rgb(0,0,0); border-top: 0.12mm solid rgb(0,0,0); border-bottom: 0.4mm solid rgb(0,0,0); width: 46.1pt"><p style="text-align: center; line-height: 130%"><span style="font-size: 11.0pt; font-family: '한컴바탕'">신</span></p>
<p style="text-align: center; line-height: 130%"><span style="font-size: 11.0pt; font-family: '한컴바탕'">청</span></p>
<p style="text-align: center; line-height: 130%"><span style="font-size: 11.0pt; font-family: '한컴바탕'">자</span></p>  </td>
<td rowspan="2" style="border-left: 0.12mm solid rgb(0,0,0); border-right: 0.12mm solid rgb(0,0,0); border-top: 0.12mm solid rgb(0,0,0); border-bottom: 0.12mm solid rgb(0,0,0); width: 21.7pt"><p style="text-align: center; line-height: 130%"><span style="font-size: 11.0pt; font-family: '한컴바탕'">성 명</span></p>  </td>
<td colspan="2" style="border-left: 0.12mm solid rgb(0,0,0); border-right: 0.12mm solid rgb(0,0,0); border-top: 0.12mm solid rgb(0,0,0); border-bottom: 0.12mm solid rgb(0,0,0); width: 37.8pt"><p style="text-align: center"><span style="font-size: 11.0pt; font-family: '한컴바탕'">한 글</span></p>  </td>
<td colspan="3" style="border-left: 0.12mm solid rgb(0,0,0); border-right: 0.12mm solid rgb(0,0,0); border-top: 0.12mm solid rgb(0,0,0); border-bottom: 0.12mm solid rgb(0,0,0); width: 134.8pt">  </td>
<td style="border-left: 0.12mm solid rgb(0,0,0); border-right: 0.12mm solid rgb(0,0,0); border-top: 0.12mm solid rgb(0,0,0); border-bottom: 0.12mm solid rgb(0,0,0); width: 68.1pt"><p style="text-align: center; line-height: 130%"><span style="font-size: 11.0pt; font-family: '한컴바탕'">성     별</span></p>  </td>
<td style="border-left: 0.12mm solid rgb(0,0,0); border-right: 0.4mm solid rgb(0,0,0); border-top: 0.12mm solid rgb(0,0,0); border-bottom: 0.12mm solid rgb(0,0,0); width: 160.4pt"><p style="text-align: center; line-height: 130%"><span style="font-size: 11.0pt; font-family: '한컴바탕'">남   ,   여</span></p>  </td>
</tr>
<tr>
<td colspan="2" style="border-left: 0.12mm solid rgb(0,0,0); border-right: 0.12mm solid rgb(0,0,0); border-top: 0.12mm solid rgb(0,0,0); border-bottom: 0.12mm solid rgb(0,0,0); width: 37.8pt"><p style="text-align: center"><span style="font-size: 11.0pt; font-family: '한컴바탕'">한 자</span></p>  </td>
<td colspan="3" style="border-left: 0.12mm solid rgb(0,0,0); border-right: 0.12mm solid rgb(0,0,0); border-top: 0.12mm solid rgb(0,0,0); border-bottom: 0.12mm solid rgb(0,0,0); width: 134.8pt">  </td>
<td style="border-left: 0.12mm solid rgb(0,0,0); border-right: 0.12mm solid rgb(0,0,0); border-top: 0.12mm solid rgb(0,0,0); border-bottom: 0.12mm solid rgb(0,0,0); width: 68.1pt"><p style="text-align: center; line-height: 130%"><span style="font-size: 11.0pt; font-family: '한컴바탕'">생년월일</span></p>  </td>
<td style="border-left: 0.12mm solid rgb(0,0,0); border-right: 0.4mm solid rgb(0,0,0); border-top: 0.12mm solid rgb(0,0,0); border-bottom: 0.12mm solid rgb(0,0,0); width: 160.4pt">  </td>
</tr>
<tr>
<td style="border-left: 0.12mm solid rgb(0,0,0); border-right: 0.12mm solid rgb(0,0,0); border-top: 0.12mm solid rgb(0,0,0); border-bottom: 0.12mm solid rgb(0,0,0); width: 21.7pt"><p style="text-align: center"><span style="font-size: 11.0pt; font-family: '한컴바탕'">현</span></p>
<p style="text-align: center"><span style="font-size: 11.0pt; font-family: '한컴바탕'">주 소</span></p>  </td>
<td colspan="7" style="border-left: 0.12mm solid rgb(0,0,0); border-right: 0.4mm solid rgb(0,0,0); border-top: 0.12mm solid rgb(0,0,0); border-bottom: 0.12mm solid rgb(0,0,0); width: 401.2pt"><p><span style="font-size: 13.0pt; font-family: '한컴바탕'"> □□□□□</span></p>
<p><span style="font-size: 11.0pt; font-family: '한컴바탕'"> 연락처 :  (집)                      (핸드폰)</span></p>  </td>
</tr>
<tr>
<td colspan="2" rowspan="2" style="border-left: 0.12mm solid rgb(0,0,0); border-right: 0.12mm solid rgb(0,0,0); border-top: 0.12mm solid rgb(0,0,0); border-bottom: 0.4mm solid rgb(0,0,0); width: 52.8pt"><p style="text-align: center; line-height: 130%"><span style="font-size: 11.0pt; font-family: '한컴바탕'">최종</span></p>
<p style="text-align: center; line-height: 130%"><span style="font-size: 11.0pt; font-family: '한컴바탕'">학력</span></p>  </td>
<td colspan="3" style="border-left: 0.12mm solid rgb(0,0,0); border-right: 0.12mm solid rgb(0,0,0); border-top: 0.12mm solid rgb(0,0,0); border-bottom: 0.12mm solid rgb(0,0,0); width: 47.1pt"><p style="text-align: center"><span style="font-size: 11.0pt; font-family: '한컴바탕'">출신학교  </span></p>  </td>
<td colspan="3" style="border-left: 0.12mm solid rgb(0,0,0); border-right: 0.4mm solid rgb(0,0,0); border-top: 0.12mm solid rgb(0,0,0); border-bottom: 0.12mm solid rgb(0,0,0); width: 322.9pt">  </td>
</tr>
<tr>
<td colspan="3" style="border-left: 0.12mm solid rgb(0,0,0); border-right: 0.12mm solid rgb(0,0,0); border-top: 0.12mm solid rgb(0,0,0); border-bottom: 0.4mm solid rgb(0,0,0); width: 47.1pt"><p style="text-align: center"><span style="font-size: 11.0pt; font-family: '한컴바탕'">졸업년도</span></p>  </td>
<td colspan="3" style="border-left: 0.12mm solid rgb(0,0,0); border-right: 0.4mm solid rgb(0,0,0); border-top: 0.12mm solid rgb(0,0,0); border-bottom: 0.4mm solid rgb(0,0,0); width: 322.9pt">  </td>
</tr>
</table>
<p><span style="font-size: 11.0pt; font-family: '한컴바탕'">  본인은</span><span style="font-size: 11.0pt; font-family: '한컴바탕'"> 멘토링 운영 결격사유(성격, 인성, 전과기록, 업무능력, 병력 등)가 발생할 시에 해임 조치하여도 이의가 없으며 2026학년도 SW전문가 멘토링에 소정의 서류를 갖추어 지원합니다.</span></p>
<p style="text-align: center; line-height: 130%"><span style="font-size: 11.0pt; font-family: '한컴바탕'">  </span></p>
<p style="text-align: center; line-height: 130%"><span style="font-size: 11.0pt; font-family: '한컴바탕'">2026년       월       일</span></p>
<p style="text-align: right; line-height: 130%"><span style="font-size: 11.0pt; font-family: '한컴바탕'"> 신 청 자                   (서명)</span></p>
<p style="text-align: left; line-height: 130%"><span style="font-size: 15.0pt; font-family: '한컴바탕'">대덕소프트웨어마이스터고등학교장 귀하 </span></p>
<p style="text-align: left; line-height: 130%"><span style="font-size: 11.0pt; font-family: '한컴바탕'">󰠏󰠏󰠏󰠏󰠏󰠏󰠏󰠏󰠏󰠏󰠏󰠏󰠏󰠏󰠏󰠏󰠏󰠏󰠏󰠏󰠏󰠏󰠏󰠏󰠏󰠏󰠏󰠏󰠏󰠏󰠏󰠏󰠏󰠏󰠏󰠏󰠏󰠏󰠏󰠏󰠏󰠏󰠏󰠏󰠏󰠏󰠏󰠏󰠏󰠏󰠏󰠏󰠏󰠏󰠏󰠏󰠏󰠏󰠏󰠏󰠏󰠏󰠏󰠏󰠏󰠏󰠏󰠏󰠏󰠏󰠏󰠏󰠏󰠏󰠏󰠏󰠏󰠏󰠏󰠏󰠏󰠏󰠏󰠏󰠏󰠏󰠏󰠏󰠏󰠏󰠏󰠏</span></p>
<p style="text-align: left; line-height: 130%"><span style="font-size: 12.0pt; font-family: '한컴바탕'">【</span><span style="font-size: 12.0pt; font-family: '한컴바탕'">서류제출】</span><span style="font-size: 10.0pt; font-family: '한컴바탕'">본 서류는 서명 후 스캔 제출</span></p>
<p style="text-align: left; line-height: 130%"><span style="font-size: 10.0pt; font-family: '한컴바탕'">     </span></p>
<p style="text-align: left; line-height: 130%"><span style="font-size: 12.0pt; font-family: '한컴바탕'">【</span><span style="font-size: 12.0pt; font-family: '한컴바탕'">첨부서류】</span></p>
<p style="line-height: 180%"><span style="font-size: 10.0pt; font-family: '한컴바탕'">     1. 이력서 1부(별도 양식 없음)</span></p>
<p style="line-height: 180%"><span style="font-size: 10.0pt; font-family: '한컴바탕'">     2. 멘토링 활동 계획서 1부[붙임4]</span></p>
<p style="line-height: 180%"><span style="font-size: 10.0pt; font-family: '한컴바탕'">     3. 재직증명서</span></p>
<p style="line-height: 180%"><span style="font-size: 10.0pt; font-family: '한컴바탕'">     4. 개인정보 수집・이용・제공 동의서 1부[붙임5]</span></p>
<p style="line-height: 180%"><span style="font-size: 10.0pt; font-family: '한컴바탕'">     5. 통장사본 스캔본(인터넷 뱅킹에서 통장사본 출력, 계좌 개설확인서 등)</span></p>
<p style="line-height: 180%"><span style="font-size: 10.0pt; font-family: '한컴바탕'">        예) 농협의 경우 [증명서]-[통장사본출력]) </span></p>
<p style="line-height: 180%"><span style="font-size: 10.0pt; font-family: '한컴바탕'">     6. 성범죄 경력 조회 및 아동학대 관련 범죄전력조회 동의서 1부(스캔본)[붙임7]</span></p>
<p style="line-height: 200%"><span style="font-size: 10.0pt; font-family: '한컴바탕'">     7. 거래처 등록을 위한 개인정보 수집・이용・제공 동의서 1부(스캔본)[붙임8]</span></p>
<hr class="hwp-page-break">
<p><span style="font-size: 10.0pt; font-family: '한컴바탕'"><b>[붙임 6]</b></span></p>
<p style="text-align: center; text-indent: 20.0pt"><span style="font-size: 20.0pt; font-family: '한컴바탕'"><u>개인정보 수집 및 활용 동의서</u></span></p>
<table class="hwp-table" style="border-collapse: collapse; border-left: 0.12mm solid rgb(0,0,0); border-right: 0.12mm solid rgb(0,0,0); border-top: 0.12mm solid rgb(0,0,0); border-bottom: 0.12mm solid rgb(0,0,0)">
<tr>
<td style="background-color: rgb(229,229,229); border-right: 0.12mm solid rgb(0,0,0); border-top: 0.4mm solid rgb(0,0,0); border-bottom: 0.1mm solid rgb(0,0,0); width: 68.8pt"><p style="text-align: center; line-height: 140%"><span style="font-size: 11.0pt; font-family: '한컴바탕'"><b>개인정보의</b></span><span style="font-size: 11.0pt; font-family: '한컴바탕'"><b> 수집 및 이용목적</b></span></p>  </td>
<td colspan="2" style="border-left: 0.12mm solid rgb(0,0,0); border-top: 0.4mm solid rgb(0,0,0); border-bottom: 0.1mm solid rgb(0,0,0); width: 410.8pt"><table class="hwp-table" style="border-collapse: collapse; border-left: 0.12mm solid rgb(0,0,0); border-right: 0.12mm solid rgb(0,0,0); border-top: 0.12mm solid rgb(0,0,0); border-bottom: 0.12mm solid rgb(0,0,0)">
<tr>
<td style="background-color: rgb(214,214,214); border-left: 0.12mm solid rgb(0,0,0); border-right: 0.12mm solid rgb(0,0,0); border-top: 0.12mm solid rgb(0,0,0); border-bottom: 0.12mm solid rgb(0,0,0); width: 398.7pt"><p style="text-align: center"><span style="font-size: 11.0pt; font-family: '한컴바탕'"><b>[개인정보 및 고유 식별정보 수집 항목]</b></span></p>  </td>
</tr>
<tr>
<td style="border-left: 0.12mm solid rgb(0,0,0); border-right: 0.12mm solid rgb(0,0,0); border-top: 0.12mm solid rgb(0,0,0); border-bottom: 0.12mm solid rgb(0,0,0); width: 398.7pt"><p style="text-indent: -115.9pt"><span style="font-size: 11.0pt; font-family: '한컴바탕'">1. 개인정보 : 성명, 주소, 연락처, 이메일, 사진, 학력 및 경력사항, 자격 및     </span><span style="font-size: 11.0pt; font-family: '한컴바탕'">수상내역, 담당프로그램, 교육활동 관련 영상정보(사진, 동영상)</span><span style="font-size: 11.0pt; font-family: '한컴바탕'"> </span></p>
<p><span style="font-size: 11.0pt; font-family: '한컴바탕'">2. 고유 식별정보 : 주민등록번호</span></p>  </td>
</tr>
<tr>
<td style="background-color: rgb(214,214,214); border-left: 0.12mm solid rgb(0,0,0); border-right: 0.12mm solid rgb(0,0,0); border-top: 0.12mm solid rgb(0,0,0); border-bottom: 0.12mm solid rgb(0,0,0); width: 398.7pt"><p style="text-align: center"><span style="font-size: 11.0pt; font-family: '한컴바탕'"><b>[개인정보 및 고유 식별정보 이용 목적]</b></span></p>  </td>
</tr>
<tr>
<td style="border-left: 0.12mm solid rgb(0,0,0); border-right: 0.12mm solid rgb(0,0,0); border-top: 0.12mm solid rgb(0,0,0); border-bottom: 0.12mm solid rgb(0,0,0); width: 398.7pt"><p><span style="font-size: 11.0pt; font-family: '한컴바탕'">1. 자율(전공)동아리 활동 및 관리에 활용</span></p>
<p><span style="font-size: 11.0pt; font-family: '한컴바탕'">2. 자율(전공)동아리 운영 및 생활 모습 안내</span></p>
<p><span style="font-size: 11.0pt; font-family: '한컴바탕'">3. 자율(전공)동아리에 활용 </span></p>  </td>
</tr>
</table>  </td>
</tr>
<tr>
<td style="background-color: rgb(229,229,229); border-right: 0.12mm solid rgb(0,0,0); border-top: 0.1mm solid rgb(0,0,0); border-bottom: 0.1mm solid rgb(0,0,0); width: 68.8pt"><p style="text-align: center; line-height: 140%"><span style="font-size: 11.0pt; font-family: '한컴바탕'"><b>개인정보</b></span></p>
<p style="text-align: center; line-height: 140%"><span style="font-size: 11.0pt; font-family: '한컴바탕'"><b> 제 3자 제공동의</b></span></p>  </td>
<td colspan="2" style="border-left: 0.12mm solid rgb(0,0,0); border-top: 0.1mm solid rgb(0,0,0); border-bottom: 0.1mm solid rgb(0,0,0); width: 410.8pt"><table class="hwp-table" style="border-collapse: collapse; border-left: 0.12mm solid rgb(0,0,0); border-right: 0.12mm solid rgb(0,0,0); border-top: 0.12mm solid rgb(0,0,0); border-bottom: 0.12mm solid rgb(0,0,0)">
<tr>
<td style="background-color: rgb(214,214,214); border-left: 0.12mm solid rgb(0,0,0); border-right: 0.12mm solid rgb(0,0,0); border-top: 0.12mm solid rgb(0,0,0); border-bottom: 0.12mm solid rgb(0,0,0); width: 20.9pt">  </td>
<td style="background-color: rgb(214,214,214); border-left: 0.12mm solid rgb(0,0,0); border-right: 0.12mm solid rgb(0,0,0); border-top: 0.12mm solid rgb(0,0,0); border-bottom: 0.12mm solid rgb(0,0,0); width: 159.2pt"><p style="text-align: center"><span style="font-size: 9.0pt; font-family: '한컴바탕'"><b>개인정보를 제공받는 자</b></span></p>  </td>
<td style="background-color: rgb(214,214,214); border-left: 0.12mm solid rgb(0,0,0); border-right: 0.12mm solid rgb(0,0,0); border-top: 0.12mm solid rgb(0,0,0); border-bottom: 0.12mm solid rgb(0,0,0); width: 218.0pt"><p style="text-align: center"><span style="font-size: 9.0pt; font-family: '한컴바탕'"><b>제공받는 개인정보의 이용범위</b></span></p>  </td>
</tr>
<tr>
<td style="border-left: 0.12mm solid rgb(0,0,0); border-right: 0.12mm solid rgb(0,0,0); border-top: 0.12mm solid rgb(0,0,0); border-bottom: 0.12mm solid rgb(0,0,0); width: 20.9pt"><p style="text-align: center"><span style="font-size: 9.0pt; font-family: '맑은 고딕'">1</span></p>  </td>
<td style="border-left: 0.12mm solid rgb(0,0,0); border-right: 0.12mm solid rgb(0,0,0); border-top: 0.12mm solid rgb(0,0,0); border-bottom: 0.12mm solid rgb(0,0,0); width: 159.2pt"><p style="text-align: center"><span style="font-size: 9.0pt; font-family: '한컴바탕'">멘토링 대상자 및 교원</span></p>  </td>
<td style="border-left: 0.12mm solid rgb(0,0,0); border-right: 0.12mm solid rgb(0,0,0); border-top: 0.12mm solid rgb(0,0,0); border-bottom: 0.12mm solid rgb(0,0,0); width: 218.0pt"><p style="text-align: center"><span style="font-size: 9.0pt; font-family: '한컴바탕'">담당프로그램, 성명, 연락처</span></p>  </td>
</tr>
</table>  </td>
</tr>
<tr>
<td style="background-color: rgb(229,229,229); border-right: 0.12mm solid rgb(0,0,0); border-top: 0.1mm solid rgb(0,0,0); border-bottom: 0.1mm solid rgb(0,0,0); width: 68.8pt"><p style="text-align: center; line-height: 140%"><span style="font-size: 11.0pt; font-family: '한컴바탕'"><b>개인정보의</b></span><span style="font-size: 11.0pt; font-family: '한컴바탕'"><b> 보유 및 이용기간</b></span></p>  </td>
<td colspan="2" style="border-left: 0.12mm solid rgb(0,0,0); border-top: 0.1mm solid rgb(0,0,0); border-bottom: 0.1mm solid rgb(0,0,0); width: 410.8pt"><p style="text-align: left"><span style="font-size: 11.0pt; font-family: '한컴바탕'">■ 개인정보·고유 식별정보의 보유 및 이용 기간</span></p>
<p style="text-align: left; text-indent: 11.6pt"><span style="font-size: 11.0pt; font-family: '한컴바탕'">- 1년</span></p>  </td>
</tr>
<tr>
<td style="background-color: rgb(229,229,229); border-right: 0.12mm solid rgb(0,0,0); border-top: 0.1mm solid rgb(0,0,0); border-bottom: 0.1mm solid rgb(0,0,0); width: 68.8pt"><p style="text-align: center; line-height: 140%"><span style="font-size: 11.0pt; font-family: '한컴바탕'"><b>개인정보 제공 동의 거부 권리 및 </b></span></p>
<p style="text-align: center; line-height: 140%"><span style="font-size: 11.0pt; font-family: '한컴바탕'"><b>그에 따른 제약 사항</b></span></p>  </td>
<td colspan="2" style="border-left: 0.12mm solid rgb(0,0,0); border-top: 0.1mm solid rgb(0,0,0); border-bottom: 0.1mm solid rgb(0,0,0); width: 410.8pt"><p style="text-indent: -26.0pt"><span style="font-size: 11.0pt; font-family: '한컴바탕'">■ 개인정보 및 고유 식별정보의 제공 동의를 거부할 권리가 있으며, 동의하지 않는다면 정보를 제공하지 않습니다. </span></p>
<p style="text-indent: -26.0pt"><span style="font-size: 11.0pt; font-family: '한컴바탕'">■ </span><span style="font-size: 11.0pt; font-family: '한컴바탕'">개인정보 및 고유 식별정보 미제공 시 자율(전공)동아리 안내 및 관련 내용을</span><span style="font-size: 11.0pt; font-family: '한컴바탕'"> </span><span style="font-size: 11.0pt; font-family: '한컴바탕'">원활하게 </span><span style="font-size: 11.0pt; font-family: '한컴바탕'">받지 못할 수 있습니다.</span></p>  </td>
</tr>
<tr>
<td colspan="3" style="border-top: 0.4mm solid rgb(0,0,0); width: 479.6pt"><table class="hwp-table" style="border-collapse: collapse; border-left: 0.12mm solid rgb(0,0,0); border-right: 0.12mm solid rgb(0,0,0); border-top: 0.12mm solid rgb(0,0,0); border-bottom: 0.12mm solid rgb(0,0,0)">
<tr>
<td style="border-left: 0.12mm solid rgb(0,0,0); border-top: 0.12mm solid rgb(0,0,0); border-bottom: 0.12mm solid rgb(0,0,0); width: 201.4pt"><p style="line-height: 130%"><span style="font-size: 12.0pt; font-family: '한컴바탕'">1. 개인정보 수집․이용 동의</span></p>  </td>
<td style="border-right: 0.12mm solid rgb(0,0,0); border-top: 0.12mm solid rgb(0,0,0); border-bottom: 0.12mm solid rgb(0,0,0); width: 257.5pt"><p style="text-align: center; line-height: 130%"><span style="font-size: 12.0pt; font-family: '한컴바탕'">□ 예          □ 아니요</span></p>  </td>
</tr>
</table>
<table class="hwp-table" style="border-collapse: collapse; border-left: 0.12mm solid rgb(0,0,0); border-right: 0.12mm solid rgb(0,0,0); border-top: 0.12mm solid rgb(0,0,0); border-bottom: 0.12mm solid rgb(0,0,0)">
<tr>
<td style="border-left: 0.12mm solid rgb(0,0,0); border-top: 0.12mm solid rgb(0,0,0); border-bottom: 0.12mm solid rgb(0,0,0); width: 235.4pt"><p style="line-height: 130%"><span style="font-size: 12.0pt; font-family: '한컴바탕'">2. 개인정보 제 3자 제공 및 활용 동의</span></p>  </td>
<td style="border-right: 0.12mm solid rgb(0,0,0); border-top: 0.12mm solid rgb(0,0,0); border-bottom: 0.12mm solid rgb(0,0,0); width: 223.6pt"><p style="text-align: center; line-height: 130%"><span style="font-size: 12.0pt; font-family: '한컴바탕'">□ 예          □ 아니요</span></p>  </td>
</tr>
</table>
<p><span style="font-size: 12.0pt; font-family: '한컴바탕'">이하 본인은 개인정보보호법 및 관련 법규에 의거하여 대덕소프트웨어마이스터고등학교 </span><span style="font-size: 11.0pt; font-family: '한컴바탕'">자율(전공)동아리</span><span style="font-size: 12.0pt; font-family: '한컴바탕'">에서 상기 개인정보를</span><span style="font-size: 12.0pt; font-family: '한컴바탕'"> 수집·이용 및 제공</span><span style="font-size: 12.0pt; font-family: '한컴바탕'"><b>·</b></span><span style="font-size: 12.0pt; font-family: '한컴바탕'">활용하는 것에 대해 동의합니다.</span></p>
<p style="text-align: center"><span style="font-size: 12.0pt; font-family: '한컴바탕'"><b>       2026년        월       일 　</b></span></p>  </td>
</tr>
<tr>
<td colspan="2" style="border-bottom: 0.4mm solid rgb(0,0,0); width: 193.2pt">  </td>
<td style="border-bottom: 0.4mm solid rgb(0,0,0); width: 286.3pt"><p style="text-align: right"><span style="font-size: 12.0pt; font-family: '한컴바탕'"><b>전공 동아리 멘토                    (서명)</b></span></p>  </td>
</tr>
</table>
<hr class="hwp-page-break">
<p><span style="font-size: 10.0pt; font-family: '한컴바탕'"><b>[붙임 7]</b></span></p>
<p style="text-align: center"><span style="font-size: 20.0pt; font-family: '한컴바탕'"><b>멘토링 활동 계획서(  월)</b></span></p>
<table class="hwp-table" style="border-collapse: collapse; border-left: 0.12mm solid rgb(0,0,0); border-right: 0.12mm solid rgb(0,0,0); border-top: 0.12mm solid rgb(0,0,0); border-bottom: 0.12mm solid rgb(0,0,0)">
<tr>
<td style="border-left: 0.4mm solid rgb(0,0,0); border-right: 0.12mm solid rgb(0,0,0); border-top: 0.4mm solid rgb(0,0,0); border-bottom: 0.12mm solid rgb(0,0,0); width: 95.1pt"><p style="text-align: center; line-height: 200%"><span style="font-size: 13.0pt; font-family: '한컴바탕'">동아리명</span></p>  </td>
<td style="border-left: 0.12mm solid rgb(0,0,0); border-right: 0.12mm solid rgb(0,0,0); border-top: 0.4mm solid rgb(0,0,0); border-bottom: 0.12mm solid rgb(0,0,0); width: 223.5pt">  </td>
<td style="border-left: 0.12mm solid rgb(0,0,0); border-right: 0.12mm solid rgb(0,0,0); border-top: 0.4mm solid rgb(0,0,0); border-bottom: 0.12mm solid rgb(0,0,0); width: 62.1pt"><p style="text-align: center; line-height: 200%"><span style="font-size: 13.0pt; font-family: '한컴바탕'">대표학생</span></p>  </td>
<td colspan="2" style="border-left: 0.12mm solid rgb(0,0,0); border-right: 0.4mm solid rgb(0,0,0); border-top: 0.4mm solid rgb(0,0,0); border-bottom: 0.12mm solid rgb(0,0,0); width: 96.1pt">  </td>
</tr>
<tr>
<td style="border-left: 0.4mm solid rgb(0,0,0); border-right: 0.12mm solid rgb(0,0,0); border-top: 0.12mm solid rgb(0,0,0); border-bottom: 0.12mm solid rgb(0,0,0); width: 95.1pt"><p style="text-align: center; line-height: 200%; text-indent: -168.0pt"><span style="font-size: 13.0pt; font-family: '한컴바탕'">동아리원</span></p>  </td>
<td colspan="4" style="border-left: 0.12mm solid rgb(0,0,0); border-right: 0.4mm solid rgb(0,0,0); border-top: 0.12mm solid rgb(0,0,0); border-bottom: 0.12mm solid rgb(0,0,0); width: 381.7pt">  </td>
</tr>
<tr>
<td style="border-left: 0.4mm solid rgb(0,0,0); border-right: 0.12mm solid rgb(0,0,0); border-top: 0.12mm solid rgb(0,0,0); border-bottom: 0.4mm solid rgb(0,0,0); width: 95.1pt"><p style="text-align: center; line-height: 200%"><span style="font-size: 13.0pt; font-family: '한컴바탕'">활동목표</span></p>  </td>
<td colspan="4" style="border-left: 0.12mm solid rgb(0,0,0); border-right: 0.4mm solid rgb(0,0,0); border-top: 0.12mm solid rgb(0,0,0); border-bottom: 0.4mm solid rgb(0,0,0); width: 381.7pt">  </td>
</tr>
<tr>
<td style="border-left: 0.4mm solid rgb(0,0,0); border-right: 0.12mm solid rgb(0,0,0); border-top: 0.4mm solid rgb(0,0,0); border-bottom: 0.4mm solid rgb(0,0,0); width: 95.1pt"><p style="text-align: center"><span style="font-size: 13.0pt; font-family: '한컴바탕'">일 정</span></p>  </td>
<td colspan="2" style="border-left: 0.12mm solid rgb(0,0,0); border-right: 0.12mm solid rgb(0,0,0); border-top: 0.4mm solid rgb(0,0,0); border-bottom: 0.4mm solid rgb(0,0,0); width: 285.6pt"><p style="text-align: center"><span style="font-size: 13.0pt; font-family: '한컴바탕'">멘토 활동 및 내용</span></p>  </td>
<td style="border-left: 0.12mm solid rgb(0,0,0); border-right: 0.12mm solid rgb(0,0,0); border-top: 0.4mm solid rgb(0,0,0); border-bottom: 0.4mm solid rgb(0,0,0); width: 46.8pt"><p style="text-align: center"><span style="font-size: 13.0pt; font-family: '한컴바탕'">시간</span></p>  </td>
<td style="border-left: 0.12mm solid rgb(0,0,0); border-right: 0.4mm solid rgb(0,0,0); border-top: 0.4mm solid rgb(0,0,0); border-bottom: 0.4mm solid rgb(0,0,0); width: 49.4pt"><p style="text-align: center"><span style="font-size: 13.0pt; font-family: '한컴바탕'">멘토</span></p>  </td>
</tr>
<tr>
<td style="border-left: 0.4mm solid rgb(0,0,0); border-right: 0.12mm solid rgb(0,0,0); border-top: 0.4mm solid rgb(0,0,0); border-bottom: 0.12mm solid rgb(0,0,0); width: 95.1pt"><p style="text-align: center; line-height: 120%"><span style="font-size: 10.0pt; font-family: '한컴바탕'">2026년</span></p>
<p style="text-align: center; line-height: 120%"><span style="font-size: 10.0pt; font-family: '한컴바탕'">   월    일 (   )</span></p>  </td>
<td colspan="2" style="border-left: 0.12mm solid rgb(0,0,0); border-right: 0.12mm solid rgb(0,0,0); border-top: 0.4mm solid rgb(0,0,0); border-bottom: 0.12mm solid rgb(0,0,0); width: 285.6pt">  </td>
<td style="border-left: 0.12mm solid rgb(0,0,0); border-right: 0.12mm solid rgb(0,0,0); border-top: 0.4mm solid rgb(0,0,0); border-bottom: 0.12mm solid rgb(0,0,0); width: 46.8pt">  </td>
<td style="border-left: 0.12mm solid rgb(0,0,0); border-right: 0.4mm solid rgb(0,0,0); border-top: 0.4mm solid rgb(0,0,0); border-bottom: 0.12mm solid rgb(0,0,0); width: 49.4pt">  </td>
</tr>
<tr>
<td style="border-left: 0.4mm solid rgb(0,0,0); border-right: 0.12mm solid rgb(0,0,0); border-top: 0.12mm solid rgb(0,0,0); border-bottom: 0.12mm solid rgb(0,0,0); width: 95.1pt"><p style="text-align: center; line-height: 120%"><span style="font-size: 10.0pt; font-family: '한컴바탕'">   월    일 (   )</span></p>  </td>
<td colspan="2" style="border-left: 0.12mm solid rgb(0,0,0); border-right: 0.12mm solid rgb(0,0,0); border-top: 0.12mm solid rgb(0,0,0); border-bottom: 0.12mm solid rgb(0,0,0); width: 285.6pt">  </td>
<td style="border-left: 0.12mm solid rgb(0,0,0); border-right: 0.12mm solid rgb(0,0,0); border-top: 0.12mm solid rgb(0,0,0); border-bottom: 0.12mm solid rgb(0,0,0); width: 46.8pt">  </td>
<td style="border-left: 0.12mm solid rgb(0,0,0); border-right: 0.4mm solid rgb(0,0,0); border-top: 0.12mm solid rgb(0,0,0); border-bottom: 0.12mm solid rgb(0,0,0); width: 49.4pt">  </td>
</tr>
<tr>
<td style="border-left: 0.4mm solid rgb(0,0,0); border-right: 0.12mm solid rgb(0,0,0); border-top: 0.12mm solid rgb(0,0,0); border-bottom: 0.12mm solid rgb(0,0,0); width: 95.1pt">  </td>
<td colspan="2" style="border-left: 0.12mm solid rgb(0,0,0); border-right: 0.12mm solid rgb(0,0,0); border-top: 0.12mm solid rgb(0,0,0); border-bottom: 0.12mm solid rgb(0,0,0); width: 285.6pt">  </td>
<td style="border-left: 0.12mm solid rgb(0,0,0); border-right: 0.12mm solid rgb(0,0,0); border-top: 0.12mm solid rgb(0,0,0); border-bottom: 0.12mm solid rgb(0,0,0); width: 46.8pt">  </td>
<td style="border-left: 0.12mm solid rgb(0,0,0); border-right: 0.4mm solid rgb(0,0,0); border-top: 0.12mm solid rgb(0,0,0); border-bottom: 0.12mm solid rgb(0,0,0); width: 49.4pt">  </td>
</tr>
<tr>
<td style="border-left: 0.4mm solid rgb(0,0,0); border-right: 0.12mm solid rgb(0,0,0); border-top: 0.12mm solid rgb(0,0,0); border-bottom: 0.12mm solid rgb(0,0,0); width: 95.1pt">  </td>
<td colspan="2" style="border-left: 0.12mm solid rgb(0,0,0); border-right: 0.12mm solid rgb(0,0,0); border-top: 0.12mm solid rgb(0,0,0); border-bottom: 0.12mm solid rgb(0,0,0); width: 285.6pt">  </td>
<td style="border-left: 0.12mm solid rgb(0,0,0); border-right: 0.12mm solid rgb(0,0,0); border-top: 0.12mm solid rgb(0,0,0); border-bottom: 0.12mm solid rgb(0,0,0); width: 46.8pt">  </td>
<td style="border-left: 0.12mm solid rgb(0,0,0); border-right: 0.4mm solid rgb(0,0,0); border-top: 0.12mm solid rgb(0,0,0); border-bottom: 0.12mm solid rgb(0,0,0); width: 49.4pt">  </td>
</tr>
<tr>
<td style="border-left: 0.4mm solid rgb(0,0,0); border-right: 0.12mm solid rgb(0,0,0); border-top: 0.12mm solid rgb(0,0,0); border-bottom: 0.12mm solid rgb(0,0,0); width: 95.1pt">  </td>
<td colspan="2" style="border-left: 0.12mm solid rgb(0,0,0); border-right: 0.12mm solid rgb(0,0,0); border-top: 0.12mm solid rgb(0,0,0); border-bottom: 0.12mm solid rgb(0,0,0); width: 285.6pt">  </td>
<td style="border-left: 0.12mm solid rgb(0,0,0); border-right: 0.12mm solid rgb(0,0,0); border-top: 0.12mm solid rgb(0,0,0); border-bottom: 0.12mm solid rgb(0,0,0); width: 46.8pt">  </td>
<td style="border-left: 0.12mm solid rgb(0,0,0); border-right: 0.4mm solid rgb(0,0,0); border-top: 0.12mm solid rgb(0,0,0); border-bottom: 0.12mm solid rgb(0,0,0); width: 49.4pt">  </td>
</tr>
<tr>
<td style="border-left: 0.4mm solid rgb(0,0,0); border-right: 0.12mm solid rgb(0,0,0); border-top: 0.12mm solid rgb(0,0,0); border-bottom: 0.12mm solid rgb(0,0,0); width: 95.1pt">  </td>
<td colspan="2" style="border-left: 0.12mm solid rgb(0,0,0); border-right: 0.12mm solid rgb(0,0,0); border-top: 0.12mm solid rgb(0,0,0); border-bottom: 0.12mm solid rgb(0,0,0); width: 285.6pt">  </td>
<td style="border-left: 0.12mm solid rgb(0,0,0); border-right: 0.12mm solid rgb(0,0,0); border-top: 0.12mm solid rgb(0,0,0); border-bottom: 0.12mm solid rgb(0,0,0); width: 46.8pt">  </td>
<td style="border-left: 0.12mm solid rgb(0,0,0); border-right: 0.4mm solid rgb(0,0,0); border-top: 0.12mm solid rgb(0,0,0); border-bottom: 0.12mm solid rgb(0,0,0); width: 49.4pt">  </td>
</tr>
<tr>
<td style="border-left: 0.4mm solid rgb(0,0,0); border-right: 0.12mm solid rgb(0,0,0); border-top: 0.12mm solid rgb(0,0,0); border-bottom: 0.4mm solid rgb(0,0,0); width: 95.1pt">  </td>
<td colspan="2" style="border-left: 0.12mm solid rgb(0,0,0); border-right: 0.12mm solid rgb(0,0,0); border-top: 0.12mm solid rgb(0,0,0); border-bottom: 0.4mm solid rgb(0,0,0); width: 285.6pt">  </td>
<td style="border-left: 0.12mm solid rgb(0,0,0); border-right: 0.12mm solid rgb(0,0,0); border-top: 0.12mm solid rgb(0,0,0); border-bottom: 0.4mm solid rgb(0,0,0); width: 46.8pt">  </td>
<td style="border-left: 0.12mm solid rgb(0,0,0); border-right: 0.4mm solid rgb(0,0,0); border-top: 0.12mm solid rgb(0,0,0); border-bottom: 0.4mm solid rgb(0,0,0); width: 49.4pt">  </td>
</tr>
</table>
<p style="text-indent: -53.5pt"><span style="font-size: 13.0pt; font-family: '휴먼명조'"> ❍ </span><span style="font-size: 13.0pt; font-family: '한컴바탕'">전공동아리 대표학생과 사전에 교육일정을 협의 후 월 단위로 작성합니다.</span></p>
<p style="text-align: right; line-height: 110%"><span style="font-size: 14.0pt; font-family: '한컴바탕'"><b>확인자  :  교사              (인)</b></span></p>
<hr class="hwp-page-break">
<p><span style="font-size: 10.0pt; font-family: '한컴바탕'"><b>[붙임 8]</b></span></p>
<p style="text-align: center; line-height: 100%"><span style="font-size: 20.0pt; font-family: '한컴바탕'"><b>2026학년도 자율(전공)동아리 멘토 활동 일지(  월) </b></span></p>
<table class="hwp-table" style="border-collapse: collapse; border-left: 0.12mm solid rgb(0,0,0); border-right: 0.12mm solid rgb(0,0,0); border-top: 0.12mm solid rgb(0,0,0); border-bottom: 0.12mm solid rgb(0,0,0)">
<tr>
<td style="border-left: 0.4mm solid rgb(0,0,0); border-right: 0.12mm solid rgb(0,0,0); border-top: 0.4mm solid rgb(0,0,0); border-bottom: 0.4mm solid rgb(0,0,0); width: 69.6pt"><p style="text-align: center"><span style="font-size: 13.0pt; font-family: '한컴바탕'">동아리명</span></p>  </td>
<td style="border-left: 0.12mm solid rgb(0,0,0); border-right: 0.12mm solid rgb(0,0,0); border-top: 0.4mm solid rgb(0,0,0); border-bottom: 0.4mm solid rgb(0,0,0); width: 186.6pt">  </td>
<td style="border-left: 0.12mm solid rgb(0,0,0); border-right: 0.12mm solid rgb(0,0,0); border-top: 0.4mm solid rgb(0,0,0); border-bottom: 0.4mm solid rgb(0,0,0); width: 53.6pt"><p style="text-align: center; line-height: 110%"><span style="font-size: 13.0pt; font-family: '한컴바탕'">멘토</span></p>  </td>
<td style="border-left: 0.12mm solid rgb(0,0,0); border-right: 0.12mm solid rgb(0,0,0); border-top: 0.4mm solid rgb(0,0,0); border-bottom: 0.4mm solid rgb(0,0,0); width: 62.2pt">  </td>
<td colspan="3" style="background-color: rgb(216,216,216); border-left: 1.0mm solid rgb(0,0,0); border-right: 0.12mm solid rgb(0,0,0); border-top: 1.0mm solid rgb(0,0,0); border-bottom: 1.0mm solid rgb(0,0,0); width: 50.9pt"><p style="text-align: center; line-height: 110%"><span style="font-size: 13.0pt; font-family: '한컴바탕'">활동시간</span></p>  </td>
<td style="background-color: rgb(216,216,216); border-left: 0.12mm solid rgb(0,0,0); border-right: 1.0mm solid rgb(0,0,0); border-top: 1.0mm solid rgb(0,0,0); border-bottom: 1.0mm solid rgb(0,0,0); width: 45.2pt">  </td>
</tr>
<tr>
<td style="border-left: 0.5mm solid rgb(0,0,0); border-right: 0.12mm solid rgb(0,0,0); border-top: 0.4mm solid rgb(0,0,0); border-bottom: 0.12mm solid rgb(0,0,0); width: 69.6pt"><p style="text-align: center"><span style="font-size: 13.0pt; font-family: '한컴바탕'">멘토링 일시</span></p>  </td>
<td colspan="7" style="border-left: 0.12mm solid rgb(0,0,0); border-right: 0.5mm solid rgb(0,0,0); border-top: 0.4mm solid rgb(0,0,0); border-bottom: 0.12mm solid rgb(0,0,0); width: 398.5pt"><p style="text-align: center; line-height: 110%"><span style="font-size: 13.0pt; font-family: '한컴바탕'">2026년   월    일 (  )</span></p>  </td>
</tr>
<tr>
<td rowspan="16" style="border-left: 0.5mm solid rgb(0,0,0); border-right: 0.12mm solid rgb(0,0,0); border-top: 0.12mm solid rgb(0,0,0); border-bottom: 0.12mm solid rgb(0,0,0); width: 69.6pt"><p style="text-align: center"><span style="font-size: 13.0pt; font-family: '한컴바탕'">활동 내용</span></p>  </td>
<td colspan="4" style="border-left: 0.12mm solid rgb(0,0,0); border-right: 0.12mm solid rgb(0,0,0); border-top: 0.12mm solid rgb(0,0,0); border-bottom: 0.12mm solid rgb(0,0,0); width: 308.2pt"><p><span style="font-size: 13.0pt; font-family: '한컴바탕'">[ 교시   :   ~   :  ] </span></p>  </td>
<td colspan="3" style="border-left: 0.12mm solid rgb(0,0,0); border-right: 0.5mm solid rgb(0,0,0); border-top: 0.12mm solid rgb(0,0,0); border-bottom: 0.12mm solid rgb(0,0,0); width: 90.3pt"><p style="text-align: center"><span style="font-size: 13.0pt; font-family: '한컴바탕'">팀장 확인</span></p>  </td>
</tr>
<tr>
<td colspan="4" style="border-left: 0.12mm solid rgb(0,0,0); border-right: 0.12mm solid rgb(0,0,0); border-top: 0.12mm solid rgb(0,0,0); border-bottom: 0.12mm solid rgb(0,0,0); width: 308.2pt"><p><span style="font-size: 13.0pt; font-family: '한컴바탕'"> </span></p>  </td>
<td colspan="3" style="border-left: 0.12mm solid rgb(0,0,0); border-right: 0.5mm solid rgb(0,0,0); border-top: 0.12mm solid rgb(0,0,0); border-bottom: 0.12mm solid rgb(0,0,0); width: 90.3pt">  </td>
</tr>
<tr>
<td colspan="4" style="border-left: 0.12mm solid rgb(0,0,0); border-right: 0.12mm solid rgb(0,0,0); border-top: 0.12mm solid rgb(0,0,0); border-bottom: 0.12mm solid rgb(0,0,0); width: 308.2pt"><p><span style="font-size: 13.0pt; font-family: '한컴바탕'">[ 교시   :   ~   :  ] </span></p>  </td>
<td colspan="3" style="border-left: 0.12mm solid rgb(0,0,0); border-right: 0.5mm solid rgb(0,0,0); border-top: 0.12mm solid rgb(0,0,0); border-bottom: 0.12mm solid rgb(0,0,0); width: 90.3pt"><p style="text-align: center"><span style="font-size: 13.0pt; font-family: '한컴바탕'">팀장 확인</span></p>  </td>
</tr>
<tr>
<td colspan="4" style="border-left: 0.12mm solid rgb(0,0,0); border-right: 0.12mm solid rgb(0,0,0); border-top: 0.12mm solid rgb(0,0,0); border-bottom: 0.12mm solid rgb(0,0,0); width: 308.2pt">  </td>
<td colspan="3" style="border-left: 0.12mm solid rgb(0,0,0); border-right: 0.5mm solid rgb(0,0,0); border-top: 0.12mm solid rgb(0,0,0); border-bottom: 0.12mm solid rgb(0,0,0); width: 90.3pt">  </td>
</tr>
<tr>
<td colspan="4" style="border-left: 0.12mm solid rgb(0,0,0); border-right: 0.12mm solid rgb(0,0,0); border-top: 0.12mm solid rgb(0,0,0); border-bottom: 0.12mm solid rgb(0,0,0); width: 308.2pt"><p><span style="font-size: 13.0pt; font-family: '한컴바탕'">[ 교시   :   ~   :  ] </span></p>  </td>
<td colspan="3" style="border-left: 0.12mm solid rgb(0,0,0); border-right: 0.5mm solid rgb(0,0,0); border-top: 0.12mm solid rgb(0,0,0); border-bottom: 0.12mm solid rgb(0,0,0); width: 90.3pt"><p style="text-align: center"><span style="font-size: 13.0pt; font-family: '한컴바탕'">팀장 확인</span></p>  </td>
</tr>
<tr>
<td colspan="4" style="border-left: 0.12mm solid rgb(0,0,0); border-right: 0.12mm solid rgb(0,0,0); border-top: 0.12mm solid rgb(0,0,0); border-bottom: 0.12mm solid rgb(0,0,0); width: 308.2pt">  </td>
<td colspan="3" style="border-left: 0.12mm solid rgb(0,0,0); border-right: 0.5mm solid rgb(0,0,0); border-top: 0.12mm solid rgb(0,0,0); border-bottom: 0.12mm solid rgb(0,0,0); width: 90.3pt">  </td>
</tr>
<tr>
<td colspan="4" style="border-left: 0.12mm solid rgb(0,0,0); border-right: 0.12mm solid rgb(0,0,0); border-top: 0.12mm solid rgb(0,0,0); border-bottom: 0.12mm solid rgb(0,0,0); width: 308.2pt"><p><span style="font-size: 13.0pt; font-family: '한컴바탕'">[ 교시   :   ~   :  ] </span></p>  </td>
<td colspan="3" style="border-left: 0.12mm solid rgb(0,0,0); border-right: 0.5mm solid rgb(0,0,0); border-top: 0.12mm solid rgb(0,0,0); border-bottom: 0.12mm solid rgb(0,0,0); width: 90.3pt"><p style="text-align: center"><span style="font-size: 13.0pt; font-family: '한컴바탕'">팀장 확인</span></p>  </td>
</tr>
<tr>
<td colspan="4" style="border-left: 0.12mm solid rgb(0,0,0); border-right: 0.12mm solid rgb(0,0,0); border-top: 0.12mm solid rgb(0,0,0); border-bottom: 0.12mm solid rgb(0,0,0); width: 308.2pt">  </td>
<td colspan="3" style="border-left: 0.12mm solid rgb(0,0,0); border-right: 0.5mm solid rgb(0,0,0); border-top: 0.12mm solid rgb(0,0,0); border-bottom: 0.12mm solid rgb(0,0,0); width: 90.3pt">  </td>
</tr>
<tr>
<td colspan="4" style="border-left: 0.12mm solid rgb(0,0,0); border-right: 0.12mm solid rgb(0,0,0); border-top: 0.12mm solid rgb(0,0,0); border-bottom: 0.12mm solid rgb(0,0,0); width: 308.2pt"><p><span style="font-size: 13.0pt; font-family: '한컴바탕'">[ 교시   :   ~   :  ] </span></p>  </td>
<td colspan="3" style="border-left: 0.12mm solid rgb(0,0,0); border-right: 0.5mm solid rgb(0,0,0); border-top: 0.12mm solid rgb(0,0,0); border-bottom: 0.12mm solid rgb(0,0,0); width: 90.3pt"><p style="text-align: center"><span style="font-size: 13.0pt; font-family: '한컴바탕'">팀장 확인</span></p>  </td>
</tr>
<tr>
<td colspan="4" style="border-left: 0.12mm solid rgb(0,0,0); border-right: 0.12mm solid rgb(0,0,0); border-top: 0.12mm solid rgb(0,0,0); border-bottom: 0.12mm solid rgb(0,0,0); width: 308.2pt">  </td>
<td colspan="3" style="border-left: 0.12mm solid rgb(0,0,0); border-right: 0.5mm solid rgb(0,0,0); border-top: 0.12mm solid rgb(0,0,0); border-bottom: 0.12mm solid rgb(0,0,0); width: 90.3pt">  </td>
</tr>
<tr>
<td colspan="4" style="border-left: 0.12mm solid rgb(0,0,0); border-right: 0.12mm solid rgb(0,0,0); border-top: 0.12mm solid rgb(0,0,0); border-bottom: 0.12mm solid rgb(0,0,0); width: 308.2pt"><p><span style="font-size: 13.0pt; font-family: '한컴바탕'">[ 교시   :   ~   :  ] </span></p>  </td>
<td colspan="3" style="border-left: 0.12mm solid rgb(0,0,0); border-right: 0.5mm solid rgb(0,0,0); border-top: 0.12mm solid rgb(0,0,0); border-bottom: 0.12mm solid rgb(0,0,0); width: 90.3pt"><p style="text-align: center"><span style="font-size: 13.0pt; font-family: '한컴바탕'">팀장 확인</span></p>  </td>
</tr>
<tr>
<td colspan="4" style="border-left: 0.12mm solid rgb(0,0,0); border-right: 0.12mm solid rgb(0,0,0); border-top: 0.12mm solid rgb(0,0,0); border-bottom: 0.12mm solid rgb(0,0,0); width: 308.2pt">  </td>
<td colspan="3" style="border-left: 0.12mm solid rgb(0,0,0); border-right: 0.5mm solid rgb(0,0,0); border-top: 0.12mm solid rgb(0,0,0); border-bottom: 0.12mm solid rgb(0,0,0); width: 90.3pt">  </td>
</tr>
<tr>
<td colspan="4" style="border-left: 0.12mm solid rgb(0,0,0); border-right: 0.12mm solid rgb(0,0,0); border-top: 0.12mm solid rgb(0,0,0); border-bottom: 0.12mm solid rgb(0,0,0); width: 308.2pt"><p><span style="font-size: 13.0pt; font-family: '한컴바탕'">[ 교시   :   ~   :  ] </span></p>  </td>
<td colspan="3" style="border-left: 0.12mm solid rgb(0,0,0); border-right: 0.5mm solid rgb(0,0,0); border-top: 0.12mm solid rgb(0,0,0); border-bottom: 0.12mm solid rgb(0,0,0); width: 90.3pt"><p style="text-align: center"><span style="font-size: 13.0pt; font-family: '한컴바탕'">팀장 확인</span></p>  </td>
</tr>
<tr>
<td colspan="4" style="border-left: 0.12mm solid rgb(0,0,0); border-right: 0.12mm solid rgb(0,0,0); border-top: 0.12mm solid rgb(0,0,0); border-bottom: 0.12mm solid rgb(0,0,0); width: 308.2pt">  </td>
<td colspan="3" style="border-left: 0.12mm solid rgb(0,0,0); border-right: 0.5mm solid rgb(0,0,0); border-top: 0.12mm solid rgb(0,0,0); border-bottom: 0.12mm solid rgb(0,0,0); width: 90.3pt">  </td>
</tr>
<tr>
<td colspan="4" style="border-left: 0.12mm solid rgb(0,0,0); border-right: 0.12mm solid rgb(0,0,0); border-top: 0.12mm solid rgb(0,0,0); border-bottom: 0.12mm solid rgb(0,0,0); width: 308.2pt"><p><span style="font-size: 13.0pt; font-family: '한컴바탕'">[ 교시   :   ~   :  ] </span></p>  </td>
<td colspan="3" style="border-left: 0.12mm solid rgb(0,0,0); border-right: 0.5mm solid rgb(0,0,0); border-top: 0.12mm solid rgb(0,0,0); border-bottom: 0.12mm solid rgb(0,0,0); width: 90.3pt"><p style="text-align: center"><span style="font-size: 13.0pt; font-family: '한컴바탕'">팀장 확인</span></p>  </td>
</tr>
<tr>
<td colspan="4" style="border-left: 0.12mm solid rgb(0,0,0); border-right: 0.12mm solid rgb(0,0,0); border-top: 0.12mm solid rgb(0,0,0); border-bottom: 0.12mm solid rgb(0,0,0); width: 308.2pt">  </td>
<td colspan="3" style="border-left: 0.12mm solid rgb(0,0,0); border-right: 0.5mm solid rgb(0,0,0); border-top: 0.12mm solid rgb(0,0,0); border-bottom: 0.12mm solid rgb(0,0,0); width: 90.3pt">  </td>
</tr>
<tr>
<td style="border-left: 0.5mm solid rgb(0,0,0); border-right: 0.12mm solid rgb(0,0,0); border-top: 0.12mm solid rgb(0,0,0); border-bottom: 0.4mm solid rgb(0,0,0); width: 69.6pt"><p style="text-align: center"><span style="font-size: 13.0pt; font-family: '한컴바탕'">기타 사항</span></p>  </td>
<td colspan="7" style="border-left: 0.12mm solid rgb(0,0,0); border-right: 0.5mm solid rgb(0,0,0); border-top: 0.12mm solid rgb(0,0,0); border-bottom: 0.4mm solid rgb(0,0,0); width: 398.5pt">  </td>
</tr>
<tr>
<td colspan="8" style="border-top: 0.4mm solid rgb(0,0,0); width: 468.1pt"><p style="line-height: 150%; text-indent: -81.6pt"><span style="font-size: 13.0pt; font-family: '한컴바탕'">※ 교육이 종료된 후 1일 단위로 작성합니다.(하루 8시간을 멘토링 한 경우 1장으로 작성)</span></p>
<p style="text-align: right; line-height: 110%"><span style="font-size: 14.0pt; font-family: '한컴바탕'"><b>확인자  :  교사         (인)</b></span></p>  </td>
</tr>
<tr>
<td colspan="8" style="width: 468.1pt">  </td>
</tr>
<tr>
<td colspan="3" rowspan="2" style="border-right: 0.4mm solid rgb(0,0,0); width: 309.8pt">  </td>
<td colspan="5" style="border-left: 0.4mm solid rgb(0,0,0); border-right: 0.4mm solid rgb(0,0,0); border-top: 0.4mm solid rgb(0,0,0); border-bottom: 0.12mm solid rgb(0,0,0); width: 158.3pt"><p style="text-align: center"><span style="font-size: 13.0pt; font-family: '한컴바탕'">마이스터부</span></p>  </td>
</tr>
<tr>
<td colspan="3" style="border-left: 0.4mm solid rgb(0,0,0); border-right: 0.12mm solid rgb(0,0,0); border-top: 0.12mm solid rgb(0,0,0); border-bottom: 0.12mm solid rgb(0,0,0); width: 79.2pt"><p style="text-align: center"><span style="font-size: 13.0pt; font-family: '한컴바탕'">담당(계)</span></p>  </td>
<td colspan="2" style="border-left: 0.12mm solid rgb(0,0,0); border-right: 0.4mm solid rgb(0,0,0); border-top: 0.12mm solid rgb(0,0,0); border-bottom: 0.12mm solid rgb(0,0,0); width: 79.2pt"><p style="text-align: center"><span style="font-size: 13.0pt; font-family: '한컴바탕'">부장</span></p>  </td>
</tr>
<tr>
<td colspan="3" style="border-right: 0.4mm solid rgb(0,0,0); width: 309.8pt">  </td>
<td colspan="3" style="border-left: 0.4mm solid rgb(0,0,0); border-right: 0.12mm solid rgb(0,0,0); border-top: 0.12mm solid rgb(0,0,0); border-bottom: 0.4mm solid rgb(0,0,0); width: 79.2pt">  </td>
<td colspan="2" style="border-left: 0.12mm solid rgb(0,0,0); border-right: 0.4mm solid rgb(0,0,0); border-top: 0.12mm solid rgb(0,0,0); border-bottom: 0.4mm solid rgb(0,0,0); width: 79.2pt">  </td>
</tr>
</table><span style="font-size: 13.0pt; font-family: '한컴바탕'"> </span>
<hr class="hwp-page-break">
<p><span style="font-size: 10.0pt; font-family: '한컴바탕'"><b>[붙임 9]</b></span></p>
<table class="hwp-table" style="border-collapse: collapse; border-left: 0.12mm solid rgb(0,0,0); border-right: 0.12mm solid rgb(0,0,0); border-top: 0.12mm solid rgb(0,0,0); border-bottom: 0.3mm solid rgb(93,93,93)">
<tr>
<td colspan="6" style="width: 459.5pt"><p><span style="font-size: 10.0pt; font-family: '굴림체'">[별지 제12호서식]</span></p>
<p style="text-align: center; line-height: 130%"><span style="font-size: 16.0pt; font-family: '한양견고딕'"><b>성범죄 경력 조회 </b></span><span style="font-size: 16.0pt; font-family: '한양견고딕'"><b>및 아동학대 관련 범죄전력조회 동의서</b></span></p>  </td>
</tr>
<tr>
<td colspan="6" style="border-bottom: 0.3mm solid rgb(0,0,0); width: 459.5pt">  </td>
</tr>
<tr>
<td rowspan="3" style="border-right: 0.12mm solid rgb(147,147,147); border-top: 0.3mm solid rgb(0,0,0); border-bottom: 0.3mm solid rgb(0,0,0); width: 41.9pt"><p style="text-align: center; line-height: 120%"><span style="font-size: 11.0pt; font-family: '돋움'">대상자</span></p>  </td>
<td style="border-left: 0.12mm solid rgb(147,147,147); border-right: 0.12mm solid rgb(147,147,147); border-top: 0.3mm solid rgb(0,0,0); border-bottom: 0.12mm solid rgb(147,147,147); width: 64.7pt"><p style="text-align: center; line-height: 120%"><span style="font-size: 10.0pt; font-family: '돋움'">성  명</span></p>  </td>
<td colspan="4" style="border-left: 0.12mm solid rgb(147,147,147); border-top: 0.3mm solid rgb(0,0,0); border-bottom: 0.12mm solid rgb(147,147,147); width: 352.9pt">  </td>
</tr>
<tr>
<td style="border-left: 0.12mm solid rgb(147,147,147); border-right: 0.12mm solid rgb(147,147,147); border-top: 0.12mm solid rgb(147,147,147); border-bottom: 0.12mm solid rgb(147,147,147); width: 64.7pt"><p style="text-align: center; line-height: 120%"><span style="font-size: 10.0pt; font-family: '돋움'">주민등록번호</span></p>
<p style="text-align: center; line-height: 120%"><span style="font-size: 10.0pt; font-family: '돋움'">(외국인의 경우 생년월일)</span></p>  </td>
<td style="border-left: 0.12mm solid rgb(147,147,147); border-right: 0.12mm solid rgb(147,147,147); border-top: 0.12mm solid rgb(147,147,147); border-bottom: 0.12mm solid rgb(147,147,147); width: 113.4pt">  </td>
<td colspan="2" style="border-left: 0.12mm solid rgb(147,147,147); border-right: 0.12mm solid rgb(147,147,147); border-top: 0.12mm solid rgb(147,147,147); border-bottom: 0.12mm solid rgb(147,147,147); width: 104.9pt"><p style="line-height: 120%"><span style="font-size: 9.0pt; font-family: '돋움'">외국인등록번호(외국인인의 경우만 기입)</span></p>  </td>
<td style="border-left: 0.12mm solid rgb(147,147,147); border-top: 0.12mm solid rgb(147,147,147); border-bottom: 0.12mm solid rgb(147,147,147); width: 134.6pt">  </td>
</tr>
<tr>
<td style="border-left: 0.12mm solid rgb(147,147,147); border-right: 0.12mm solid rgb(147,147,147); border-top: 0.12mm solid rgb(147,147,147); border-bottom: 0.3mm solid rgb(0,0,0); width: 64.7pt"><p style="text-align: center; line-height: 120%"><span style="font-size: 10.0pt; font-family: '돋움'">연락처</span></p>
<p style="text-align: center; line-height: 120%"><span style="font-size: 10.0pt; font-family: '돋움'">(휴대폰 등)</span></p>  </td>
<td colspan="4" style="border-left: 0.12mm solid rgb(147,147,147); border-top: 0.12mm solid rgb(147,147,147); border-bottom: 0.3mm solid rgb(0,0,0); width: 352.9pt">  </td>
</tr>
<tr>
<td colspan="6" style="border-right: 0.12mm solid rgb(93,93,93); border-top: 0.3mm solid rgb(0,0,0); width: 459.5pt">  </td>
</tr>
<tr>
<td colspan="6" style="width: 459.5pt"><p style="line-height: 200%"><span style="font-size: 10.0pt; font-family: '돋움'">본인은 대덕소프트웨어마이스터고등학교 (시설)(예: 유치원, 어린이집, 아동복지시설, 청소년쉼터, 청소년활동시설, 의료기관 등) 취업자</span><span style="font-size: 10.0pt; font-family: '돋움'">(취업예정자)로서, 「아동ㆍ청소년의 성보호에 관한 법률」 제56조 및 같은 법 시행령 제25조에 따른 성범죄경력</span><span style="font-size: 10.0pt; font-family: '돋움'"> 조회,</span><span style="font-size: 10.0pt; font-family: '돋움'">「</span><span style="font-size: 10.0pt; font-family: '돋움'">아동복지법」 제29조의3에 </span><span style="font-size: 10.0pt; font-family: '돋움'">따른 아동학대 범죄전력 조회 신청에 동의</span><span style="font-size: 10.0pt; font-family: '돋움'">합니다.</span></p>  </td>
</tr>
<tr>
<td colspan="6" style="width: 459.5pt"><p style="text-align: right; line-height: 120%"><span style="font-size: 9.0pt; font-family: '돋움'">  2026년         월         일</span></p>  </td>
</tr>
<tr>
<td colspan="4" style="width: 270.2pt"><p style="text-align: right; line-height: 120%; margin-left: 20.0pt"><span style="font-size: 10.0pt; font-family: '돋움'">   동의자</span></p>  </td>
<td colspan="2" style="width: 189.2pt"><p style="text-align: center; line-height: 120%"><span style="font-size: 10.0pt; font-family: '돋움'">      </span><span style="font-size: 8.0pt; font-family: '돋움'">(서명 또는 인)</span></p>  </td>
</tr>
<tr>
<td colspan="6" style="border-bottom: 0.7mm solid rgb(93,93,93); width: 459.5pt"><p style="line-height: 120%"><span style="font-size: 13.0pt; font-family: '돋움'">대전유성</span><span style="font-size: 13.0pt; font-family: '돋움'"><u>경찰서장</u></span><span style="font-size: 13.0pt; font-family: '돋움'"> </span><span style="font-size: 10.0pt; font-family: '돋움'">귀하</span></p>  </td>
</tr>
<tr>
<td colspan="6" style="border-top: 0.12mm solid rgb(93,93,93); border-bottom: 0.12mm solid rgb(93,93,93); width: 459.5pt">  </td>
</tr>
<tr>
<td colspan="6" style="background-color: rgb(178,178,178); border-top: 0.7mm solid rgb(93,93,93); border-bottom: 0.12mm solid rgb(93,93,93); width: 459.5pt"><p style="text-align: center; line-height: 120%"><span style="font-size: 10.0pt; font-family: '돋움'">유의사항</span></p>  </td>
</tr>
<tr>
<td colspan="6" style="border-top: 0.12mm solid rgb(93,93,93); border-bottom: 0.12mm solid rgb(88,89,91); width: 459.5pt"><p style="text-indent: -7.2pt"><span style="font-size: 9.0pt; font-family: '돋움'"> </span><span style="font-size: 9.0pt; font-family: '한양중고딕'">1. 개인정보 수집항목 : </span><span style="font-size: 9.0pt; font-family: '한양중고딕'">*표 항목(성명, 주민등록번호, </span><span style="font-size: 9.0pt; font-family: '한양중고딕'">외국인의 경우 외국인등록번호)</span></p>
<p style="text-indent: -7.2pt"><span style="font-size: 9.0pt; font-family: '한양중고딕'"> 2. </span><span style="font-size: 9.0pt; font-family: '한양중고딕'">대상자가 외국인의 경우 성명(영문), 외국인등록번호를 적습니다.</span></p>
<p style="text-indent: -33.7pt"><span style="font-size: 9.0pt; font-family: '한양중고딕'"> 3. </span><span style="font-size: 9.0pt; font-family: '한양중고딕'">개인정보 제공 거부에 따른 제한사항 : </span><span style="font-size: 9.0pt; font-family: '한양중고딕'">귀하는 개인정보 제공 동의를 거부를 권리가 있으나, 동의 거부 시에는 취업에 제한을 받을 수 있습니다.</span></p>
<p style="text-indent: -33.7pt"><span style="font-size: 9.0pt; font-family: '한양중고딕'"> 4. </span><span style="font-size: 9.0pt; font-family: '한양중고딕'">개인정보의 보유 : </span><span style="font-size: 9.0pt; font-family: '한양중고딕'">수집된 고객의 개인정보는 </span><span style="font-size: 9.0pt; font-family: '한양중고딕'; color: rgb(0,0,255)">성범죄 경력조회 신청 등을 위하여 사용됩니다.</span></p>  </td>
</tr>
<tr>
<td colspan="6" style="border-top: 0.12mm solid rgb(93,93,93); width: 459.5pt"><p style="text-align: right; line-height: 110%"><span style="font-size: 8.0pt; font-family: '돋움'">210㎜×297㎜[백상지 80g/㎡(재활용품)]</span></p>  </td>
</tr>
</table>
<hr class="hwp-page-break">
<p><span style="font-size: 10.0pt; font-family: '한컴바탕'"><b>[붙임 10]</b></span></p>
<table class="hwp-table" style="border-collapse: collapse; border-left: 0.12mm solid rgb(0,0,0); border-right: 0.12mm solid rgb(0,0,0); border-top: 0.12mm solid rgb(0,0,0); border-bottom: 0.12mm solid rgb(0,0,0)">
<tr>
<td style="border-left: 0.12mm solid rgb(0,0,0); border-right: 0.12mm solid rgb(0,0,0); border-top: 0.12mm solid rgb(0,0,0); border-bottom: 0.12mm solid rgb(0,0,0); width: 479.0pt"><p style="text-align: center; line-height: 130%; margin-left: 20.0pt"><span style="font-size: 13.0pt; font-family: '맑은 고딕'"><b>거래처 등록을 위한 개인정보 수집・이용・제공 동의서</b></span></p>  </td>
</tr>
<tr>
<td style="border-left: 0.12mm solid rgb(0,0,0); border-right: 0.12mm solid rgb(0,0,0); border-top: 0.12mm solid rgb(0,0,0); border-bottom: 0.12mm solid rgb(0,0,0); width: 479.0pt"><p style="line-height: 145%; margin-left: 20.0pt"><span style="font-size: 10.0pt; font-family: '함초롬바탕'"> </span><span style="font-size: 10.0pt; font-family: '함초롬바탕'"> 지급 관련 거래처 신규 등록을 위해 아래와 같이 개인정보를 수집・이용 및 제공 하고자 합니다. 내용을 자세히 읽으신 후 동의 여부를 결정하여 주시기 바랍니다.</span></p>
<p style="line-height: 145%"><span style="font-size: 10.0pt; font-family: '맑은 고딕'"><b>□ 개인정보 수집·이용 동의</b></span></p>
<p style="line-height: 145%"><span style="font-size: 10.0pt; font-family: '함초롬바탕'">  1. 수집·이용목적 : 수당, 급여 등 각종 지급을 위한 </span><span style="font-size: 10.0pt; font-family: '함초롬바탕'"><b>거래처 관리</b></span></p>
<p style="line-height: 145%"><span style="font-size: 10.0pt; font-family: '함초롬바탕'">  2. 수집 항목 : </span><span style="font-size: 10.0pt; font-family: '함초롬바탕'">필수(</span><span style="font-size: 10.0pt; font-family: '함초롬바탕'"><b>이름, 생년월일/주민번호, 예금주명, 계좌번호)</b></span><span style="font-size: 10.0pt; font-family: '함초롬바탕'">, 선택(주소, 핸드폰, 전화번호)</span></p>
<p style="line-height: 145%"><span style="font-size: 10.0pt; font-family: '함초롬바탕'">  3. 이용 및 보유기간 : </span><span style="font-size: 10.0pt; font-family: '함초롬바탕'">계약 종료일로부터 익년 5년간(단 거래 미발생 시 설정한 기간)</span></p>
<p style="line-height: 145%; text-indent: -46.0pt"><span style="font-size: 10.0pt; font-family: '함초롬바탕'">  4. </span><span style="font-size: 10.0pt; font-family: '함초롬바탕'">동의를 거부할 수 있으며, 거부 시 거래처 등록 및 수당, 급여 등 각종 지급이 불가합니다.</span></p>
<p style="text-align: center; line-height: 145%"><span style="font-size: 10.0pt; font-family: '함초롬바탕'">개인정보 수집·이용 동의           </span><span style="font-size: 11.0pt; font-family: '휴먼명조'">□ 예           □ 아니오 </span></p>
<p style="line-height: 145%"><span style="font-size: 10.0pt; font-family: '맑은 고딕'"><b>□ 개인정보 제3자 제공 동의</b></span></p>
<p style="line-height: 145%"><span style="font-size: 10.0pt; font-family: '함초롬바탕'">  1. 제공받는 기관 : 대전광역시교육청 및 산하기관(학교포함)</span></p>
<p style="line-height: 145%; text-indent: -45.6pt"><span style="font-size: 10.0pt; font-family: '함초롬바탕'">  2. </span><span style="font-size: 10.0pt; font-family: '함초롬바탕'">제공받는 자의 이용 목적 : 수당, 급여 등 각종 지급을 위한 </span><span style="font-size: 10.0pt; font-family: '함초롬바탕'"><b>교육청 및 산하기관(학교포함) 거래처 공유</b></span></p>
<p style="line-height: 145%"><span style="font-size: 10.0pt; font-family: '함초롬바탕'">  3. 이용 및 보유 기간 : </span><span style="font-size: 10.0pt; font-family: '함초롬바탕'">계약 종료일로부터 익년 5년간(단 거래 미발생 시 설정한 기간)</span></p>
<p style="line-height: 145%"><span style="font-size: 10.0pt; font-family: '함초롬바탕'">  4. 제공 항목 : </span><span style="font-size: 10.0pt; font-family: '함초롬바탕'"><b>필수(이름, 생년월일, 예금주명, 계좌번호)</b></span><span style="font-size: 10.0pt; font-family: '함초롬바탕'">, 선택(주소, 핸드폰, 전화번호)</span></p>
<p style="line-height: 145%; text-indent: -45.5pt"><span style="font-size: 10.0pt; font-family: '함초롬바탕'">  5. 동의를 거부할수 있으며, 거부시 대전광역시교육청 및 산하기관(학교포함)에서 거래처 정보를 이용할 수 없습니다.(해당 기관에서 신규 등록하여 이용 가능함.)</span></p>
<p style="text-align: center; line-height: 145%"><span style="font-size: 10.0pt; font-family: '함초롬바탕'">개인정보 제3자 제공 동의             </span><span style="font-size: 11.0pt; font-family: '휴먼명조'">□ 예           □ 아니오</span></p>
<p style="line-height: 145%"><span style="font-size: 10.0pt; font-family: '맑은 고딕'"><b>□ 개인정보 제3자 제공 고지</b></span></p>
<p style="line-height: 145%"><span style="font-size: 10.0pt; font-family: '함초롬바탕'">  1. 제공받는 기관 : 국세청</span></p>
<p style="line-height: 145%; text-indent: -45.6pt"><span style="font-size: 10.0pt; font-family: '함초롬바탕'">  2. 제공받는 자의 이용 목적 : </span><span style="font-size: 10.0pt; font-family: '함초롬바탕'"><b>소득세 징수</b></span></p>
<p style="line-height: 145%"><span style="font-size: 10.0pt; font-family: '함초롬바탕'">  3. 제공 항목 : 이름, </span><span style="font-size: 10.0pt; font-family: '함초롬바탕'"><b>주민등록번호</b></span></p>
<p style="line-height: 145%"><span style="font-size: 10.0pt; font-family: '함초롬바탕'">  4. 제공 근거 : 「소득세법」 제127조</span></p>
<p style="line-height: 145%"><span style="font-size: 10.0pt; font-family: '맑은 고딕'"><b>□ 주민등록번호 수집</b></span><span style="font-size: 10.0pt; font-family: '함초롬바탕'"><b>·</b></span><span style="font-size: 10.0pt; font-family: '맑은 고딕'"><b>제공 고지</b></span></p>
<p style="line-height: 145%; text-indent: -19.2pt; margin-left: -2.0pt"><span style="font-size: 10.0pt; font-family: '함초롬바탕'">  「개인정보보호법」 제 24조의2제1항제1호에 따라 정보주체의 동의 없이 주민등록번호를 수집</span><span style="font-size: 10.0pt; font-family: '함초롬바탕'"><b>·</b></span><span style="font-size: 10.0pt; font-family: '함초롬바탕'">제공할 수 있습니다.</span></p>
<table class="hwp-table" style="border-collapse: collapse; border-left: 0.12mm solid rgb(0,0,0); border-right: 0.12mm solid rgb(0,0,0); border-top: 0.12mm solid rgb(0,0,0); border-bottom: 0.12mm solid rgb(0,0,0)">
<tr>
<td style="border-left: 0.1mm solid rgb(0,0,0); border-right: 0.1mm solid rgb(0,0,0); border-top: 0.1mm solid rgb(0,0,0); border-bottom: 0.1mm solid rgb(0,0,0); width: 498.8pt"><p style="text-align: left; line-height: 130%"><span style="font-size: 9.0pt; font-family: '맑은 고딕'"> ※ 수집된 개인정보는 동의한 목적 외로는 활용하지 않으며 </span><span style="font-size: 9.0pt; font-family: '맑은 고딕'">개인정보처리자에게 정정 또는      삭제 등을 요구할 수 </span><span style="font-size: 9.0pt; font-family: '맑은 고딕'">있습니다.</span></p>  </td>
</tr>
</table>
<p style="line-height: 125%"><span style="font-size: 10.0pt; font-family: '맑은 고딕'"><b>□ 제공되는 개인정보</b></span></p>
<p style="line-height: 125%"><span style="font-size: 10.0pt; font-family: '함초롬바탕'">이름: </span></p>
<p style="line-height: 125%"><span style="font-size: 10.0pt; font-family: '함초롬바탕'">주민등록번호:</span></p>
<p style="line-height: 125%"><span style="font-size: 10.0pt; font-family: '함초롬바탕'">계좌번호:        은행             </span></p>
<p style="line-height: 125%"><span style="font-size: 10.0pt; font-family: '함초롬바탕'">연락처:</span></p>
<p style="text-align: right; line-height: 125%"><span style="font-size: 11.0pt; font-family: '함초롬바탕'">2026 년     월     일</span></p>
<p style="text-align: right; line-height: 125%"><span style="font-size: 11.0pt; font-family: '함초롬바탕'">성  명                    (서명)</span></p>
<p style="text-align: right; line-height: 65%"><span style="font-size: 13.0pt; font-family: '맑은 고딕'"><b>대덕소프트웨어마이스터고등학교 </b></span><span style="font-size: 13.0pt; font-family: '맑은 고딕'">귀하</span></p>  </td>
</tr>
</table>
</div>
