---
source: crates/hwp-core/tests/snapshot_tests.rs
expression: html
---
<div class="hwp-body">
<p><span style="font-size: 32.0pt; font-family: '바탕'; color: rgb(255,0,0)"><u>google google google google google google</u></span></a></p>
<p><span style="font-size: 32.0pt; font-family: '바탕'">gmail g</span><span style="font-size: 32.0pt; font-family: '바탕'; color: rgb(255,0,0)"><u>mail gmail gmail gmail gmail</u></span></p>
<p><span style="font-size: 32.0pt; font-family: '바탕'; color: rgb(255,0,0)"><u>gmai</u></span></a><span style="font-size: 32.0pt; font-family: '바탕'">le</span></p>
</div>
