---
source: crates/hwp-core/tests/snapshot_tests.rs
expression: markdown
---
# HWP 문서



**용지 크기**: 210.00mm x 297.00mm




| 다단 다단 다단 다단 다단 다단 다단 다단 다단 다단 다단 다단 다단 다단 다단 다단 <br> |
|---|


다단 다단 다단 다단 다단 다단 다단 다단 다단 다단 다단 다단 다단 다단 다단 다단 다단 다단 다단 다단 다단 다단 다단 다단   
다단 다단 다단 다단 다단 다단 다단 다단 다단 다단 다단 다단 다단 다단 다단 다단 다단 다단 다단 다단 다단 다단 다단 다단   
그림    
그림
