---
source: crates/hwp-core/tests/snapshot_tests.rs
expression: html
---
<div class="hwp-body">
<p><a href="http://google.com">http://google.com<span style="font-size: 32.0pt; font-family: '바탕'; color: rgb(0,0,255)"><u>google google google google google google</u></span></a></p>
<p><span style="font-size: 32.0pt; font-family: '바탕'">gmail g</span><a href="http://gmail.com">http://gmail.com<span style="font-size: 32.0pt; font-family: '바탕'">mail gma</span><span style="font-size: 32.0pt; font-family: '바탕'; color: rgb(0,0,255)"><u>il gmail gmail gmail</u></span></a></p>
<p><span style="font-size: 32.0pt; font-family: '바탕'; color: rgb(0,0,255)"><u>gmai</u></span><span style="font-size: 32.0pt; font-family: '바탕'">le</span></p>
</div>
