---
source: crates/hwp-core/tests/snapshot_tests.rs
expression: html
---
<div class="body">
<p><span style="font-size: 10.0pt; font-family: '바탕'"><u>실선밑줄</u></span></p>
<p><span style="font-size: 10.0pt; font-family: '바탕'"><u>대시밑줄</u></span></p>
<p><span style="font-size: 10.0pt; font-family: '바탕'"><u>점선밑줄</u></span></p>
<p><span style="font-size: 10.0pt; font-family: '바탕'"><u>대시일점밑줄</u></span></p>
<p><span style="font-size: 10.0pt; font-family: '바탕'"><u>대시이점밑줄</u></span></p>
<p><span style="font-size: 10.0pt; font-family: '바탕'"><u>긴대시밑줄</u></span></p>
<p><span style="font-size: 10.0pt; font-family: '바탕'"><u>큰점선밑줄</u></span></p>
<p><span style="font-size: 10.0pt; font-family: '바탕'"><u>이중실선밑줄</u></span></p>
<p><span style="font-size: 10.0pt; font-family: '바탕'"><u>이중증가밑줄</u></span></p>
<p><span style="font-size: 10.0pt; font-family: '바탕'"><u>이중감소밑줄</u></span></p>
<p><span style="font-size: 10.0pt; font-family: '바탕'"><u>삼중밑줄</u></span></p>
</div>
