---
source: crates/hwp-core/tests/snapshot_tests.rs
expression: markdown
---
# HWP 문서



**버전**: 5.00.01.07



문단1

문단2

문단3 - 들여쓰기 10pt 들여쓰기 10pt 들여쓰기 10pt 들여쓰기 10pt 들여쓰기 10pt 들여쓰기 10pt 들여쓰기 10pt

문단4 - 내어쓰기 10pt 내어쓰기 10pt 내어쓰기 10pt 내어쓰기 10pt 내어쓰기 10pt 내어쓰기 10pt 내어쓰기 10pt

문단 5

문단 6

문단 7

문단 8

문단 9
