---
source: crates/hwp-core/tests/snapshot_tests.rs
expression: html
---
<!DOCTYPE html>
<html lang="ko">
<head>
  <meta charset="UTF-8">
  <meta name="viewport" content="width=device-width, initial-scale=1.0">
  <title>HWP 문서</title>
  <style>

    /* CSS Reset - 브라우저 기본 스타일 초기화 / CSS Reset - Reset browser default styles */
    *, *::before, *::after {
        margin: 0;
        padding: 0;
        box-sizing: border-box;
        /* 논리적 속성 초기화 / Reset logical properties */
        margin-block-start: 0;
        margin-block-end: 0;
        margin-inline-start: 0;
        margin-inline-end: 0;
        padding-block-start: 0;
        padding-block-end: 0;
        padding-inline-start: 0;
        padding-inline-end: 0;
    }

    html, body {
        margin: 0;
        padding: 0;
        width: 100%;
        height: 100%;
    }

    html {
        font-size: 100%;
        -webkit-text-size-adjust: 100%;
        -ms-text-size-adjust: 100%;
    }

    body {
        font-size: 1rem;
        line-height: 1;
        -webkit-font-smoothing: antialiased;
        -moz-osx-font-smoothing: grayscale;
        background-color: #f5f5f5;
    }

    /* Typography reset */
    h1, h2, h3, h4, h5, h6 {
        margin: 0;
        padding: 0;
        margin-block-start: 0;
        margin-block-end: 0;
        margin-inline-start: 0;
        margin-inline-end: 0;
        padding-block-start: 0;
        padding-block-end: 0;
        padding-inline-start: 0;
        padding-inline-end: 0;
        font-size: 1em;
        font-weight: normal;
        line-height: 1;
        display: block;
        unicode-bidi: normal;
    }

    p, blockquote, pre {
        margin: 0;
        padding: 0;
        margin-block-start: 0;
        margin-block-end: 0;
        margin-inline-start: 0;
        margin-inline-end: 0;
        padding-block-start: 0;
        padding-block-end: 0;
        padding-inline-start: 0;
        padding-inline-end: 0;
        display: block;
        unicode-bidi: normal;
    }

    /* Links */
    a {
        margin: 0;
        padding: 0;
        text-decoration: none;
        color: inherit;
        background-color: transparent;
    }

    a:active, a:hover {
        outline: 0;
    }

    /* Lists */
    ul, ol, li {
        margin: 0;
        padding: 0;
        margin-block-start: 0;
        margin-block-end: 0;
        margin-inline-start: 0;
        margin-inline-end: 0;
        padding-block-start: 0;
        padding-block-end: 0;
        padding-inline-start: 0;
        padding-inline-end: 0;
        list-style: none;
    }
    
    ul, ol {
        display: block;
    }
    
    li {
        display: list-item;
    }

    /* Tables */
    table {
        display: table;
        border-collapse: collapse;
        border-spacing: 0;
        border-color: transparent;
        width: 100%;
        table-layout: auto;
        empty-cells: show;
    }

    thead, tbody, tfoot {
        margin: 0;
        padding: 0;
        border: 0;
    }

    tr {
        margin: 0;
        padding: 0;
        border: 0;
        display: table-row;
        vertical-align: inherit;
    }

    th, td {
        margin: 0;
        padding: 0;
        /* border: 0 제거 - border 클래스가 적용되도록 / Remove border: 0 to allow border classes to apply */
        text-align: left;
        font-weight: normal;
        font-style: normal;
        vertical-align: top;
        display: table-cell;
    }

    th {
        font-weight: normal;
    }

    caption {
        margin: 0;
        padding: 0;
        text-align: center;
    }

    /* Forms */
    button, input, select, textarea {
        margin: 0;
        padding: 0;
        border: 0;
        outline: 0;
        font: inherit;
        color: inherit;
        background: transparent;
        vertical-align: baseline;
    }

    button, input {
        overflow: visible;
    }

    button, select {
        text-transform: none;
    }

    button, [type="button"], [type="reset"], [type="submit"] {
        -webkit-appearance: button;
        cursor: pointer;
    }

    button::-moz-focus-inner, [type="button"]::-moz-focus-inner, [type="reset"]::-moz-focus-inner, [type="submit"]::-moz-focus-inner {
        border-style: none;
        padding: 0;
    }

    input[type="checkbox"], input[type="radio"] {
        box-sizing: border-box;
        padding: 0;
    }

    textarea {
        overflow: auto;
        resize: vertical;
    }

    /* Images and media */
    img, svg, video, canvas, audio, iframe, embed, object {
        display: block;
        max-width: 100%;
        height: auto;
        border: 0;
        vertical-align: middle;
    }

    img {
        border-style: none;
    }

    svg:not(:root) {
        overflow: hidden;
    }

    /* Other elements */
    hr {
        margin: 0;
        padding: 0;
        border: 0;
        height: 0;
    }

    code, kbd, samp, pre {
        font-family: monospace, monospace;
        font-size: 1em;
    }

    abbr[title] {
        border-bottom: none;
        text-decoration: underline;
        text-decoration: underline dotted;
    }

    b, strong {
        font-weight: normal;
    }

    i, em {
        font-style: normal;
    }

    small {
        font-size: 80%;
    }

    sub, sup {
        font-size: 75%;
        line-height: 0;
        position: relative;
        vertical-align: baseline;
    }

    sub {
        bottom: -0.25em;
    }

    sup {
        top: -0.5em;
    }

    /* Additional resets */
    article, aside, details, figcaption, figure, footer, header, hgroup, main, menu, nav, section {
        display: block;
        margin: 0;
        padding: 0;
        margin-block-start: 0;
        margin-block-end: 0;
        margin-inline-start: 0;
        margin-inline-end: 0;
        padding-block-start: 0;
        padding-block-end: 0;
        padding-inline-start: 0;
        padding-inline-end: 0;
    }
    
    /* Block-level elements reset */
    div, address, dl, dt, dd, fieldset, form, legend {
        margin: 0;
        padding: 0;
        margin-block-start: 0;
        margin-block-end: 0;
        margin-inline-start: 0;
        margin-inline-end: 0;
        padding-block-start: 0;
        padding-block-end: 0;
        padding-inline-start: 0;
        padding-inline-end: 0;
    }
    
    div {
        display: block;
    }

    summary {
        display: list-item;
    }

    /* HWP Document Styles */
    .ohah-hwpjs-document {
        max-width: none;
        margin: 0 auto;
        padding: 20px 20px 20px 20px;
        font-family: "맑은 고딕", "함초롬돋움", "함초롬바탕", "맑은 고딕", "함초롬돋움", "함초롬바탕", "맑은 고딕", "함초롬돋움", "함초롬바탕", "맑은 고딕", "함초롬돋움", "함초롬바탕", "맑은 고딕", "함초롬돋움", "함초롬바탕", "맑은 고딕", "함초롬돋움", "함초롬바탕", "맑은 고딕", "함초롬돋움", "함초롬바탕", -apple-system, BlinkMacSystemFont, "Segoe UI", Roboto, "Helvetica Neue", Arial, sans-serif;
        line-height: 1.6;
    }
    .ohah-hwpjs-font-0 {
        font-family: "맑은 고딕", sans-serif;
    }

    .ohah-hwpjs-font-1 {
        font-family: "함초롬돋움", sans-serif;
    }

    .ohah-hwpjs-font-2 {
        font-family: "함초롬바탕", sans-serif;
    }

    .ohah-hwpjs-font-3 {
        font-family: "맑은 고딕", sans-serif;
    }

    .ohah-hwpjs-font-4 {
        font-family: "함초롬돋움", sans-serif;
    }

    .ohah-hwpjs-font-5 {
        font-family: "함초롬바탕", sans-serif;
    }

    .ohah-hwpjs-font-6 {
        font-family: "맑은 고딕", sans-serif;
    }

    .ohah-hwpjs-font-7 {
        font-family: "함초롬돋움", sans-serif;
    }

    .ohah-hwpjs-font-8 {
        font-family: "함초롬바탕", sans-serif;
    }

    .ohah-hwpjs-font-9 {
        font-family: "맑은 고딕", sans-serif;
    }

    .ohah-hwpjs-font-10 {
        font-family: "함초롬돋움", sans-serif;
    }

    .ohah-hwpjs-font-11 {
        font-family: "함초롬바탕", sans-serif;
    }

    .ohah-hwpjs-font-12 {
        font-family: "맑은 고딕", sans-serif;
    }

    .ohah-hwpjs-font-13 {
        font-family: "함초롬돋움", sans-serif;
    }

    .ohah-hwpjs-font-14 {
        font-family: "함초롬바탕", sans-serif;
    }

    .ohah-hwpjs-font-15 {
        font-family: "맑은 고딕", sans-serif;
    }

    .ohah-hwpjs-font-16 {
        font-family: "함초롬돋움", sans-serif;
    }

    .ohah-hwpjs-font-17 {
        font-family: "함초롬바탕", sans-serif;
    }

    .ohah-hwpjs-font-18 {
        font-family: "맑은 고딕", sans-serif;
    }

    .ohah-hwpjs-font-19 {
        font-family: "함초롬돋움", sans-serif;
    }

    .ohah-hwpjs-font-20 {
        font-family: "함초롬바탕", sans-serif;
    }



    /* Section and Page Styles */
    .ohah-hwpjs-Section {
        width: 100%;
        margin: 0;
        padding: 0;
        margin-bottom: 40px;
    }

    .ohah-hwpjs-Paper {
        width: 100%;
        margin: 0 auto;
        background-color: #fff;
        position: relative;
    }

    .ohah-hwpjs-Page {
        width: 100%;
        box-sizing: border-box;
    }

    .ohah-hwpjs-HeaderPageFooter {
        width: 100%;
        position: absolute;
        left: 0;
        box-sizing: border-box;
    }

    .ohah-hwpjs-HeaderPageFooter.ohah-hwpjs-Header {
        top: 0;
    }

    .ohah-hwpjs-HeaderPageFooter.ohah-hwpjs-Footer {
        bottom: 0;
    }


    /* Section 0 Styles */
    .ohah-hwpjs-Section-0 {
        width: 100%;
        margin: 0;
        padding: 0;
    }

    .ohah-hwpjs-Section-0 .ohah-hwpjs-Paper {
        width: 297.00mm;
        min-height: 210.00mm;
        margin: 0 auto 40px auto;
        background-color: #fff;
        position: relative;
        box-shadow: 0 2px 4px rgba(0, 0, 0, 0.1);
    }

    .ohah-hwpjs-Section-0 .ohah-hwpjs-Page {
        width: 100%;
        min-height: 210.00mm;
        padding: 20.00mm 30.00mm 15.00mm 30.00mm;
        box-sizing: border-box;
    }

    .ohah-hwpjs-Section-0 .ohah-hwpjs-HeaderPageFooter {
        width: 100%;
        position: absolute;
        left: 0;
        padding: 0 30.00mm 0 30.00mm;
        box-sizing: border-box;
    }

    .ohah-hwpjs-Section-0 .ohah-hwpjs-HeaderPageFooter.ohah-hwpjs-Header {
        top: 0;
        height: 15.00mm;
    }

    .ohah-hwpjs-Section-0 .ohah-hwpjs-HeaderPageFooter.ohah-hwpjs-Footer {
        bottom: 0;
        height: 15.00mm;
    }


    .ohah-hwpjs-header {
        margin-bottom: 20px;
    }

    .ohah-hwpjs-footer {
        margin-top: 20px;
        border-top: 1px solid #ddd;
        padding-top: 10px;
    }

    .ohah-hwpjs-main {
        margin: 20px 0;
    }

    .ohah-hwpjs-paragraph {
    }

    .ohah-hwpjs-outline {
        display: block;
        margin: 10px 0;
    }

    .ohah-hwpjs-table {
        border-collapse: collapse;
        width: 100%;
        margin: 10px 0;
    }

    .ohah-hwpjs-table th,
    .ohah-hwpjs-table td {
        padding: 8px;
        text-align: left;
        border: 1px solid black;
    }

    .ohah-hwpjs-table th {
        font-weight: bold;
    }
    
    /* 테이블 셀 배경색은 bg-color 클래스로 처리 / Table cell background colors are handled by bg-color classes */

    .ohah-hwpjs-image {
        max-width: 100%;
        height: auto;
        margin: 10px 0;
    }

    .ohah-hwpjs-footnote-ref,
    .ohah-hwpjs-endnote-ref {
        text-decoration: none;
        color: #0066cc;
        font-weight: bold;
    }

    .ohah-hwpjs-footnote-ref:hover,
    .ohah-hwpjs-endnote-ref:hover {
        text-decoration: underline;
    }

    .ohah-hwpjs-footnote,
    .ohah-hwpjs-endnote {
        margin: 10px 0;
        padding: 10px;
        background-color: #f9f9f9;
        border-left: 3px solid #0066cc;
    }

    .ohah-hwpjs-footnotes,
    .ohah-hwpjs-endnotes {
        margin-top: 40px;
        padding-top: 20px;
        border-top: 2px solid #ddd;
    }

    .ohah-hwpjs-page-number {
        font-weight: normal;
    }

    .ohah-hwpjs-overline {
        text-decoration: overline;
    }

    .ohah-hwpjs-emboss {
        text-shadow: 1px 1px 1px rgba(0, 0, 0, 0.3);
    }

    .ohah-hwpjs-engrave {
        text-shadow: -1px -1px 1px rgba(0, 0, 0, 0.3);
    }

    .ohah-hwpjs-underline-solid {
        text-decoration: underline;
        text-decoration-style: solid;
    }

    .ohah-hwpjs-underline-dotted {
        text-decoration: underline;
        text-decoration-style: dotted;
    }

    .ohah-hwpjs-underline-dashed {
        text-decoration: underline;
        text-decoration-style: dashed;
    }

    .ohah-hwpjs-underline-double {
        text-decoration: underline;
        text-decoration-style: double;
    }

    .ohah-hwpjs-strikethrough-solid {
        text-decoration: line-through;
        text-decoration-style: solid;
    }

    .ohah-hwpjs-strikethrough-dotted {
        text-decoration: line-through;
        text-decoration-style: dotted;
    }

    .ohah-hwpjs-strikethrough-dashed {
        text-decoration: line-through;
        text-decoration-style: dashed;
    }

    .ohah-hwpjs-footnote-back,
    .ohah-hwpjs-endnote-back {
        text-decoration: none;
        color: #0066cc;
        margin-left: 5px;
    }

    .ohah-hwpjs-footnote-back:hover,
    .ohah-hwpjs-endnote-back:hover {
        text-decoration: underline;
    }

    .ohah-hwpjs-page-break {
        border: none;
        border-top: 2px solid #ddd;
        margin: 20px 0;
    }

    .ohah-hwpjs-emphasis-1::before {
        content: "●";
        margin-right: 3px;
    }

    .ohah-hwpjs-emphasis-2::before {
        content: "○";
        margin-right: 3px;
    }

    .ohah-hwpjs-emphasis-3::before {
        content: "◆";
        margin-right: 3px;
    }

    .ohah-hwpjs-emphasis-4::before {
        content: "◇";
        margin-right: 3px;
    }

    .ohah-hwpjs-emphasis-5::before {
        content: "■";
        margin-right: 3px;
    }

    .ohah-hwpjs-emphasis-6::before {
        content: "□";
        margin-right: 3px;
    }

    .ohah-hwpjs-emphasis-7::before {
        content: "★";
        margin-right: 3px;
    }

    .ohah-hwpjs-emphasis-8::before {
        content: "☆";
        margin-right: 3px;
    }

               
                   .ohah-hwpjs-size-900 {
        font-size: 9.00pt;
    }

    .ohah-hwpjs-size-1600 {
        font-size: 16.00pt;
    }


               
                   .ohah-hwpjs-bg-color-ffffff {
        background-color: rgb(255, 255, 255) !important;
    }


               
               
                   .ohah-hwpjs-parashape-0 {
        margin-bottom: 0.65pt;
        text-indent: -9.60px;
        padding-left: 9.60px;
        text-align: justify;
    }

    .ohah-hwpjs-parashape-1 {
        margin-bottom: 0.80pt;
        text-align: justify;
    }

    .ohah-hwpjs-parashape-2 {
        margin-bottom: 0.80pt;
        padding-left: -7.33px;
        text-align: justify;
    }

    .ohah-hwpjs-parashape-3 {
        margin-bottom: 0.80pt;
        padding-left: -14.66px;
        text-align: justify;
    }

    .ohah-hwpjs-parashape-4 {
        margin-bottom: 0.80pt;
        padding-left: -21.98px;
        text-align: justify;
    }

    .ohah-hwpjs-parashape-5 {
        margin-bottom: 0.80pt;
        padding-left: -29.31px;
        text-align: justify;
    }

    .ohah-hwpjs-parashape-6 {
        margin-bottom: 0.80pt;
        padding-left: -36.64px;
        text-align: justify;
    }

    .ohah-hwpjs-parashape-7 {
        margin-bottom: 0.80pt;
        padding-left: -43.97px;
        text-align: justify;
    }

    .ohah-hwpjs-parashape-8 {
        margin-bottom: 0.80pt;
        padding-left: -51.30px;
        text-align: justify;
    }

    .ohah-hwpjs-parashape-9 {
        margin-bottom: 0.80pt;
        padding-left: -10.99px;
        text-align: justify;
    }

    .ohah-hwpjs-parashape-10 {
        margin-bottom: 0.75pt;
        text-align: justify;
    }

    .ohah-hwpjs-parashape-11 {
        margin-bottom: 0.65pt;
        text-align: justify;
    }

    .ohah-hwpjs-parashape-12 {
        margin-bottom: 0.80pt;
        text-align: justify;
    }

    .ohah-hwpjs-parashape-13 {
        margin-bottom: 0.80pt;
        text-align: center;
    }

    .ohah-hwpjs-parashape-14 {
        margin-bottom: 0.90pt;
        text-align: justify;
    }


               
    /* Section 0 Styles */
    .ohah-hwpjs-Section-0 {
        width: 100%;
        margin: 0;
        padding: 0;
    }

    .ohah-hwpjs-Section-0 .ohah-hwpjs-Paper {
        width: 297.00mm;
        min-height: 210.00mm;
        margin: 0 auto 40px auto;
        background-color: #fff;
        position: relative;
        box-shadow: 0 2px 4px rgba(0, 0, 0, 0.1);
    }

    .ohah-hwpjs-Section-0 .ohah-hwpjs-Page {
        width: 100%;
        min-height: 210.00mm;
        padding: 20.00mm 30.00mm 15.00mm 30.00mm;
        box-sizing: border-box;
    }

    .ohah-hwpjs-Section-0 .ohah-hwpjs-HeaderPageFooter {
        width: 100%;
        position: absolute;
        left: 0;
        padding: 0 30.00mm 0 30.00mm;
        box-sizing: border-box;
    }

    .ohah-hwpjs-Section-0 .ohah-hwpjs-HeaderPageFooter.ohah-hwpjs-Header {
        top: 0;
        height: 15.00mm;
    }

    .ohah-hwpjs-Section-0 .ohah-hwpjs-HeaderPageFooter.ohah-hwpjs-Footer {
        bottom: 0;
        height: 15.00mm;
    }

                 </style>
</head>
<body>
  <div class="ohah-hwpjs-document">
    <h1>HWP 문서</h1>
    <p><strong>버전</strong>: 5.00.03.00</p>
    <p><strong>용지 크기</strong>: 210.00mm x 297.00mm</p>
    <p><strong>용지 방향</strong>: Horizontal</p>
    <p><strong>여백</strong>: 좌 30.00mm / 우 30.00mm / 상 20.00mm / 하 15.00mm</p>
    <section class="ohah-hwpjs-Section ohah-hwpjs-Section-0">
      <div class="ohah-hwpjs-Paper">
        <div class="ohah-hwpjs-HeaderPageFooter ohah-hwpjs-Header">
        </div>
        <div class="ohah-hwpjs-Page">
          <p class="ohah-hwpjs-paragraph ohah-hwpjs-parashape-13"><span class="ohah-hwpjs-size-1600" data-start="0" data-end="9" style="line-height: 0.60; height: 5.64mm; font-size: 16.00pt; vertical-align: -15.00%; width: 237.00mm">나를 소개 합니다</span></p>
          <p class="ohah-hwpjs-paragraph ohah-hwpjs-parashape-14"><span class="ohah-hwpjs-size-1600" data-start="0" data-end="2" style="line-height: 0.80; height: 5.64mm; font-size: 16.00pt; vertical-align: -15.00%; width: 237.00mm">① </span><span class="ohah-hwpjs-size-1600" data-start="2" data-end="4" style="line-height: 0.80; height: 5.64mm; font-size: 16.00pt; vertical-align: -15.00%; width: 237.00mm">이름</span><span class="ohah-hwpjs-size-1600" data-start="4" data-end="7" style="line-height: 0.80; height: 5.64mm; font-size: 16.00pt; vertical-align: -15.00%; width: 237.00mm"> : </span></p>
          <p class="ohah-hwpjs-paragraph ohah-hwpjs-parashape-14"><span class="ohah-hwpjs-size-1600" data-start="1" data-end="4" style="line-height: 0.80; height: 5.64mm; font-size: 16.00pt; vertical-align: -15.00%; width: 237.00mm">혈액형</span><span class="ohah-hwpjs-size-1600" data-start="4" data-end="9" style="line-height: 0.80; height: 5.64mm; font-size: 16.00pt; vertical-align: -15.00%; width: 237.00mm"> : O형</span></p>
          <p class="ohah-hwpjs-paragraph ohah-hwpjs-parashape-14"><span class="ohah-hwpjs-size-1600" data-start="1" data-end="3" style="line-height: 0.80; height: 5.64mm; font-size: 16.00pt; vertical-align: -15.00%; width: 237.00mm">성격</span><span class="ohah-hwpjs-size-1600" data-start="3" data-end="13" style="line-height: 0.80; height: 5.64mm; font-size: 16.00pt; vertical-align: -15.00%; width: 237.00mm"> : 자유로운 영혼</span></p>
          <p class="ohah-hwpjs-paragraph ohah-hwpjs-parashape-14"><span class="ohah-hwpjs-size-1600" data-start="1" data-end="4" style="line-height: 0.80; height: 5.64mm; font-size: 16.00pt; vertical-align: -15.00%; width: 237.00mm">좌우명</span><span class="ohah-hwpjs-size-1600" data-start="4" data-end="36" style="line-height: 0.80; height: 5.64mm; font-size: 16.00pt; vertical-align: -15.00%; width: 237.00mm"> : A sound mind in a sound body.</span></p>
          <p class="ohah-hwpjs-paragraph ohah-hwpjs-parashape-14"><span class="ohah-hwpjs-size-1600" data-start="1" data-end="7" style="line-height: 0.80; height: 5.64mm; font-size: 16.00pt; vertical-align: -15.00%; width: 237.00mm">소개하는 글</span></p>
          <p class="ohah-hwpjs-paragraph ohah-hwpjs-parashape-14"><span class="ohah-hwpjs-size-1600" data-start="0" data-end="91" style="line-height: 0.80; height: 5.64mm; font-size: 16.00pt; vertical-align: -15.00%; width: 237.00mm">어린 시절은 변두리 작은 동네에서 꿈 많은 소녀로 자라났습니다. 할머니, 할아버지, 삼촌들까지 대가족 속에서 막내로 귀여움을 받으면서 살았습니다. 가족들은 저에게 </span><span class="ohah-hwpjs-size-1600" data-start="91" data-end="95" style="line-height: 0.80; height: 5.64mm; font-size: 16.00pt; vertical-align: -15.00%; width: 237.00mm"><span class="ohah-hwpjs-emphasis-1">微笑天使</span></span><span class="ohah-hwpjs-size-1600" data-start="95" data-end="134" style="line-height: 0.80; height: 5.64mm; font-size: 16.00pt; vertical-align: -15.00%; width: 237.00mm">라고 부르곤 했습니다. 가족들의 사랑 덕분에 잘 자라날 수 있었습니다.</span></p>
          <p class="ohah-hwpjs-paragraph ohah-hwpjs-parashape-14"><span class="ohah-hwpjs-size-1600" data-start="0" data-end="23" style="line-height: 0.80; height: 5.64mm; font-size: 16.00pt; vertical-align: -15.00%; width: 237.00mm">현재 저는 사랑하는 아이들과 남편과 함께 </span><span class="ohah-hwpjs-size-1600" data-start="23" data-end="25" style="line-height: 0.80; height: 5.64mm; font-size: 16.00pt; vertical-align: -15.00%; width: 237.00mm"><span class="ohah-hwpjs-emphasis-1">행복</span></span><span class="ohah-hwpjs-size-1600" data-start="25" data-end="121" style="line-height: 0.80; height: 5.64mm; font-size: 16.00pt; vertical-align: -15.00%; width: 237.00mm">(幸福)한 삶을 살아가고 있습니다. 앞으로의 꿈은 아이들이 결혼하고 나면 남편과 시골에서 조그마한 텃밭을 가꾸면서 살아가는 것입니다. 그 꿈을 실현할 수 있기를 바랍니다. </span></p>
        </div>
        <div class="ohah-hwpjs-HeaderPageFooter ohah-hwpjs-Footer">
        </div>
      </div>
    </section>
  </div>
</body>
</html>
