---
source: crates/hwp-core/tests/snapshot_tests.rs
expression: html
---
<div class="body">
<table class="table" style="border-collapse: collapse; border-left: 0.12mm solid rgb(0,0,0); border-right: 0.12mm solid rgb(0,0,0); border-top: 0.12mm solid rgb(0,0,0); border-bottom: 0.12mm solid rgb(0,0,0)">
<tr>
<td style="border-left: 0.12mm solid rgb(0,0,0); border-right: 0.12mm solid rgb(0,0,0); border-top: 0.12mm solid rgb(0,0,0); border-bottom: 0.12mm solid rgb(0,0,0); width: 419.5pt">  </td>
</tr>
<tr>
<td style="background-color: rgb(63,127,255); border-left: 0.12mm solid rgb(0,0,0); border-right: 0.12mm solid rgb(0,0,0); border-top: 0.12mm solid rgb(0,0,0); border-bottom: 0.12mm solid rgb(0,0,0); width: 419.5pt">  </td>
</tr>
<tr>
<td style="border-left: 0.12mm solid rgb(0,0,0); border-right: 0.12mm solid rgb(0,0,0); border-top: 0.12mm solid rgb(0,0,0); border-bottom: 0.12mm solid rgb(0,0,0); width: 419.5pt">  </td>
</tr>
</table>
<table class="table" style="border-collapse: collapse; border-left: 0.12mm solid rgb(0,0,0); border-right: 0.12mm solid rgb(0,0,0); border-top: 0.12mm solid rgb(0,0,0); border-bottom: 0.12mm solid rgb(0,0,0)">
<tr>
<td style="border-left: 0.12mm solid rgb(0,0,0); border-right: 0.12mm solid rgb(0,0,0); border-top: 0.12mm solid rgb(0,0,0); border-bottom: 0.12mm solid rgb(0,0,0); width: 419.5pt">  </td>
</tr>
<tr>
<td style="background-color: rgb(63,127,255); border-left: 0.12mm solid rgb(0,0,0); border-right: 0.12mm solid rgb(0,0,0); border-top: 0.12mm solid rgb(0,0,0); border-bottom: 0.12mm solid rgb(0,0,0); width: 419.5pt">  </td>
</tr>
<tr>
<td style="border-left: 0.12mm solid rgb(0,0,0); border-right: 0.12mm solid rgb(0,0,0); border-top: 0.12mm solid rgb(0,0,0); border-bottom: 0.12mm solid rgb(0,0,0); width: 419.5pt">  </td>
</tr>
</table>
</div>
