---
source: crates/hwp-core/tests/snapshot_tests.rs
expression: html
---
<div class="hwp-body">
<span style="font-size: 10.0pt; font-family: '바탕'">전</span><table class="hwp-table">
<tr>
<td>  </td>
<td>  </td>
</tr>
<tr>
<td>  </td>
<td>  </td>
</tr>
</table><span style="font-size: 10.0pt; font-family: '바탕'">후</span>
<table class="hwp-table">
<tr>
<td>  </td>
<td>  </td>
</tr>
<tr>
<td>  </td>
<td>  </td>
</tr>
</table>
<table class="hwp-table">
<tr>
<td>  </td>
<td>  </td>
</tr>
<tr>
<td>  </td>
<td>  </td>
</tr>
</table>
<table class="hwp-table">
<tr>
<td>  </td>
<td>  </td>
</tr>
<tr>
<td>  </td>
<td>  </td>
</tr>
</table>
<table class="hwp-table">
<tr>
<td>  </td>
<td>  </td>
</tr>
<tr>
<td>  </td>
<td>  </td>
</tr>
</table>
<table class="hwp-table">
<tr>
<td>  </td>
<td>  </td>
</tr>
<tr>
<td>  </td>
<td>  </td>
</tr>
</table>
<table class="hwp-table">
<tr>
<td>  </td>
<td>  </td>
</tr>
<tr>
<td>  </td>
<td>  </td>
</tr>
</table>
<table class="hwp-table">
<tr>
<td>  </td>
<td>  </td>
</tr>
<tr>
<td>  </td>
<td>  </td>
</tr>
</table>
<table class="hwp-table">
<tr>
<td>  </td>
<td>  </td>
</tr>
<tr>
<td>  </td>
<td>  </td>
</tr>
</table>
<table class="hwp-table">
<tr>
<td>  </td>
<td>  </td>
</tr>
<tr>
<td>  </td>
<td>  </td>
</tr>
</table>
<table class="hwp-table">
<tr>
<td>  </td>
<td>  </td>
</tr>
<tr>
<td>  </td>
<td>  </td>
</tr>
</table>
<table class="hwp-table">
<tr>
<td>  </td>
<td>  </td>
</tr>
<tr>
<td>  </td>
<td>  </td>
</tr>
</table>
<table class="hwp-table">
<tr>
<td>  </td>
<td>  </td>
</tr>
<tr>
<td>  </td>
<td>  </td>
</tr>
</table>
</div>
