---
source: crates/hwp-core/tests/snapshot_tests.rs
expression: markdown
---
# HWP 문서



**용지 크기**: 0.00mm x 0.00mm



![이미지](/Users/yoonhb/Documents/workspace/hwpjs/crates/hwp-core/tests/snapshots/images/shapepict-scaled/BIN0001.jpg)

---


![이미지](/Users/yoonhb/Documents/workspace/hwpjs/crates/hwp-core/tests/snapshots/images/shapepict-scaled/BIN0001.jpg)
