---
source: crates/hwp-core/tests/snapshot_tests.rs
expression: html
---
<div class="hwp-body">
<span style="font-size: 10.0pt; font-family: '바탕'">전</span><table class="hwp-table" style="border-collapse: collapse; border-left: 0.12mm solid rgb(0,0,0); border-right: 0.12mm solid rgb(0,0,0); border-top: 0.12mm solid rgb(0,0,0); border-bottom: 0.12mm solid rgb(0,0,0)">
<tr>
<td style="border-left: 0.12mm solid rgb(0,0,0); border-right: 0.12mm solid rgb(0,0,0); border-top: 0.12mm solid rgb(0,0,0); border-bottom: 0.12mm solid rgb(0,0,0); width: 209.8pt">  </td>
<td style="border-left: 0.12mm solid rgb(0,0,0); border-right: 0.12mm solid rgb(0,0,0); border-top: 0.12mm solid rgb(0,0,0); border-bottom: 0.12mm solid rgb(0,0,0); width: 209.8pt">  </td>
</tr>
<tr>
<td style="border-left: 0.12mm solid rgb(0,0,0); border-right: 0.12mm solid rgb(0,0,0); border-top: 0.12mm solid rgb(0,0,0); border-bottom: 0.12mm solid rgb(0,0,0); width: 209.8pt">  </td>
<td style="border-left: 0.12mm solid rgb(0,0,0); border-right: 0.12mm solid rgb(0,0,0); border-top: 0.12mm solid rgb(0,0,0); border-bottom: 0.12mm solid rgb(0,0,0); width: 209.8pt">  </td>
</tr>
</table><span style="font-size: 10.0pt; font-family: '바탕'">후</span>
<hr class="hwp-page-break">
<table class="hwp-table" style="border-collapse: collapse; border-left: 0.12mm solid rgb(0,0,0); border-right: 0.12mm solid rgb(0,0,0); border-top: 0.12mm solid rgb(0,0,0); border-bottom: 0.12mm solid rgb(0,0,0)">
<tr>
<td style="border-left: 0.12mm solid rgb(0,0,0); border-right: 0.12mm solid rgb(0,0,0); border-top: 0.12mm solid rgb(0,0,0); border-bottom: 0.12mm solid rgb(0,0,0); width: 104.9pt">  </td>
<td style="border-left: 0.12mm solid rgb(0,0,0); border-right: 0.12mm solid rgb(0,0,0); border-top: 0.12mm solid rgb(0,0,0); border-bottom: 0.12mm solid rgb(0,0,0); width: 104.9pt">  </td>
</tr>
<tr>
<td style="border-left: 0.12mm solid rgb(0,0,0); border-right: 0.12mm solid rgb(0,0,0); border-top: 0.12mm solid rgb(0,0,0); border-bottom: 0.12mm solid rgb(0,0,0); width: 104.9pt">  </td>
<td style="border-left: 0.12mm solid rgb(0,0,0); border-right: 0.12mm solid rgb(0,0,0); border-top: 0.12mm solid rgb(0,0,0); border-bottom: 0.12mm solid rgb(0,0,0); width: 104.9pt">  </td>
</tr>
</table>
<table class="hwp-table" style="border-collapse: collapse; border-left: 0.12mm solid rgb(0,0,0); border-right: 0.12mm solid rgb(0,0,0); border-top: 0.12mm solid rgb(0,0,0); border-bottom: 0.12mm solid rgb(0,0,0)">
<tr>
<td style="border-left: 0.12mm solid rgb(0,0,0); border-right: 0.12mm solid rgb(0,0,0); border-top: 0.12mm solid rgb(0,0,0); border-bottom: 0.12mm solid rgb(0,0,0); width: 104.9pt">  </td>
<td style="border-left: 0.12mm solid rgb(0,0,0); border-right: 0.12mm solid rgb(0,0,0); border-top: 0.12mm solid rgb(0,0,0); border-bottom: 0.12mm solid rgb(0,0,0); width: 104.9pt">  </td>
</tr>
<tr>
<td style="border-left: 0.12mm solid rgb(0,0,0); border-right: 0.12mm solid rgb(0,0,0); border-top: 0.12mm solid rgb(0,0,0); border-bottom: 0.12mm solid rgb(0,0,0); width: 104.9pt">  </td>
<td style="border-left: 0.12mm solid rgb(0,0,0); border-right: 0.12mm solid rgb(0,0,0); border-top: 0.12mm solid rgb(0,0,0); border-bottom: 0.12mm solid rgb(0,0,0); width: 104.9pt">  </td>
</tr>
</table>
<table class="hwp-table" style="border-collapse: collapse; border-left: 0.12mm solid rgb(0,0,0); border-right: 0.12mm solid rgb(0,0,0); border-top: 0.12mm solid rgb(0,0,0); border-bottom: 0.12mm solid rgb(0,0,0)">
<tr>
<td style="border-left: 0.12mm solid rgb(0,0,0); border-right: 0.12mm solid rgb(0,0,0); border-top: 0.12mm solid rgb(0,0,0); border-bottom: 0.12mm solid rgb(0,0,0); width: 104.9pt">  </td>
<td style="border-left: 0.12mm solid rgb(0,0,0); border-right: 0.12mm solid rgb(0,0,0); border-top: 0.12mm solid rgb(0,0,0); border-bottom: 0.12mm solid rgb(0,0,0); width: 104.9pt">  </td>
</tr>
<tr>
<td style="border-left: 0.12mm solid rgb(0,0,0); border-right: 0.12mm solid rgb(0,0,0); border-top: 0.12mm solid rgb(0,0,0); border-bottom: 0.12mm solid rgb(0,0,0); width: 104.9pt">  </td>
<td style="border-left: 0.12mm solid rgb(0,0,0); border-right: 0.12mm solid rgb(0,0,0); border-top: 0.12mm solid rgb(0,0,0); border-bottom: 0.12mm solid rgb(0,0,0); width: 104.9pt">  </td>
</tr>
</table>
<table class="hwp-table" style="border-collapse: collapse; border-left: 0.12mm solid rgb(0,0,0); border-right: 0.12mm solid rgb(0,0,0); border-top: 0.12mm solid rgb(0,0,0); border-bottom: 0.12mm solid rgb(0,0,0)">
<tr>
<td style="border-left: 0.12mm solid rgb(0,0,0); border-right: 0.12mm solid rgb(0,0,0); border-top: 0.12mm solid rgb(0,0,0); border-bottom: 0.12mm solid rgb(0,0,0); width: 104.9pt">  </td>
<td style="border-left: 0.12mm solid rgb(0,0,0); border-right: 0.12mm solid rgb(0,0,0); border-top: 0.12mm solid rgb(0,0,0); border-bottom: 0.12mm solid rgb(0,0,0); width: 104.9pt">  </td>
</tr>
<tr>
<td style="border-left: 0.12mm solid rgb(0,0,0); border-right: 0.12mm solid rgb(0,0,0); border-top: 0.12mm solid rgb(0,0,0); border-bottom: 0.12mm solid rgb(0,0,0); width: 104.9pt">  </td>
<td style="border-left: 0.12mm solid rgb(0,0,0); border-right: 0.12mm solid rgb(0,0,0); border-top: 0.12mm solid rgb(0,0,0); border-bottom: 0.12mm solid rgb(0,0,0); width: 104.9pt">  </td>
</tr>
</table>
<hr class="hwp-page-break">
<table class="hwp-table" style="border-collapse: collapse; border-left: 0.12mm solid rgb(0,0,0); border-right: 0.12mm solid rgb(0,0,0); border-top: 0.12mm solid rgb(0,0,0); border-bottom: 0.12mm solid rgb(0,0,0)">
<tr>
<td style="border-left: 0.12mm solid rgb(0,0,0); border-right: 0.12mm solid rgb(0,0,0); border-top: 0.12mm solid rgb(0,0,0); border-bottom: 0.12mm solid rgb(0,0,0); width: 104.9pt">  </td>
<td style="border-left: 0.12mm solid rgb(0,0,0); border-right: 0.12mm solid rgb(0,0,0); border-top: 0.12mm solid rgb(0,0,0); border-bottom: 0.12mm solid rgb(0,0,0); width: 104.9pt">  </td>
</tr>
<tr>
<td style="border-left: 0.12mm solid rgb(0,0,0); border-right: 0.12mm solid rgb(0,0,0); border-top: 0.12mm solid rgb(0,0,0); border-bottom: 0.12mm solid rgb(0,0,0); width: 104.9pt">  </td>
<td style="border-left: 0.12mm solid rgb(0,0,0); border-right: 0.12mm solid rgb(0,0,0); border-top: 0.12mm solid rgb(0,0,0); border-bottom: 0.12mm solid rgb(0,0,0); width: 104.9pt">  </td>
</tr>
</table>
<table class="hwp-table" style="border-collapse: collapse; border-left: 0.12mm solid rgb(0,0,0); border-right: 0.12mm solid rgb(0,0,0); border-top: 0.12mm solid rgb(0,0,0); border-bottom: 0.12mm solid rgb(0,0,0)">
<tr>
<td style="border-left: 0.12mm solid rgb(0,0,0); border-right: 0.12mm solid rgb(0,0,0); border-top: 0.12mm solid rgb(0,0,0); border-bottom: 0.12mm solid rgb(0,0,0); width: 104.9pt">  </td>
<td style="border-left: 0.12mm solid rgb(0,0,0); border-right: 0.12mm solid rgb(0,0,0); border-top: 0.12mm solid rgb(0,0,0); border-bottom: 0.12mm solid rgb(0,0,0); width: 104.9pt">  </td>
</tr>
<tr>
<td style="border-left: 0.12mm solid rgb(0,0,0); border-right: 0.12mm solid rgb(0,0,0); border-top: 0.12mm solid rgb(0,0,0); border-bottom: 0.12mm solid rgb(0,0,0); width: 104.9pt">  </td>
<td style="border-left: 0.12mm solid rgb(0,0,0); border-right: 0.12mm solid rgb(0,0,0); border-top: 0.12mm solid rgb(0,0,0); border-bottom: 0.12mm solid rgb(0,0,0); width: 104.9pt">  </td>
</tr>
</table>
<table class="hwp-table" style="border-collapse: collapse; border-left: 0.12mm solid rgb(0,0,0); border-right: 0.12mm solid rgb(0,0,0); border-top: 0.12mm solid rgb(0,0,0); border-bottom: 0.12mm solid rgb(0,0,0)">
<tr>
<td style="border-left: 0.12mm solid rgb(0,0,0); border-right: 0.12mm solid rgb(0,0,0); border-top: 0.12mm solid rgb(0,0,0); border-bottom: 0.12mm solid rgb(0,0,0); width: 104.9pt">  </td>
<td style="border-left: 0.12mm solid rgb(0,0,0); border-right: 0.12mm solid rgb(0,0,0); border-top: 0.12mm solid rgb(0,0,0); border-bottom: 0.12mm solid rgb(0,0,0); width: 104.9pt">  </td>
</tr>
<tr>
<td style="border-left: 0.12mm solid rgb(0,0,0); border-right: 0.12mm solid rgb(0,0,0); border-top: 0.12mm solid rgb(0,0,0); border-bottom: 0.12mm solid rgb(0,0,0); width: 104.9pt">  </td>
<td style="border-left: 0.12mm solid rgb(0,0,0); border-right: 0.12mm solid rgb(0,0,0); border-top: 0.12mm solid rgb(0,0,0); border-bottom: 0.12mm solid rgb(0,0,0); width: 104.9pt">  </td>
</tr>
</table>
<table class="hwp-table" style="border-collapse: collapse; border-left: 0.12mm solid rgb(0,0,0); border-right: 0.12mm solid rgb(0,0,0); border-top: 0.12mm solid rgb(0,0,0); border-bottom: 0.12mm solid rgb(0,0,0)">
<tr>
<td style="border-left: 0.12mm solid rgb(0,0,0); border-right: 0.12mm solid rgb(0,0,0); border-top: 0.12mm solid rgb(0,0,0); border-bottom: 0.12mm solid rgb(0,0,0); width: 104.9pt">  </td>
<td style="border-left: 0.12mm solid rgb(0,0,0); border-right: 0.12mm solid rgb(0,0,0); border-top: 0.12mm solid rgb(0,0,0); border-bottom: 0.12mm solid rgb(0,0,0); width: 104.9pt">  </td>
</tr>
<tr>
<td style="border-left: 0.12mm solid rgb(0,0,0); border-right: 0.12mm solid rgb(0,0,0); border-top: 0.12mm solid rgb(0,0,0); border-bottom: 0.12mm solid rgb(0,0,0); width: 104.9pt">  </td>
<td style="border-left: 0.12mm solid rgb(0,0,0); border-right: 0.12mm solid rgb(0,0,0); border-top: 0.12mm solid rgb(0,0,0); border-bottom: 0.12mm solid rgb(0,0,0); width: 104.9pt">  </td>
</tr>
</table>
<hr class="hwp-page-break">
<table class="hwp-table" style="border-collapse: collapse; border-left: 0.12mm solid rgb(0,0,0); border-right: 0.12mm solid rgb(0,0,0); border-top: 0.12mm solid rgb(0,0,0); border-bottom: 0.12mm solid rgb(0,0,0)">
<tr>
<td style="border-left: 0.12mm solid rgb(0,0,0); border-right: 0.12mm solid rgb(0,0,0); border-top: 0.12mm solid rgb(0,0,0); border-bottom: 0.12mm solid rgb(0,0,0); width: 104.9pt">  </td>
<td style="border-left: 0.12mm solid rgb(0,0,0); border-right: 0.12mm solid rgb(0,0,0); border-top: 0.12mm solid rgb(0,0,0); border-bottom: 0.12mm solid rgb(0,0,0); width: 104.9pt">  </td>
</tr>
<tr>
<td style="border-left: 0.12mm solid rgb(0,0,0); border-right: 0.12mm solid rgb(0,0,0); border-top: 0.12mm solid rgb(0,0,0); border-bottom: 0.12mm solid rgb(0,0,0); width: 104.9pt">  </td>
<td style="border-left: 0.12mm solid rgb(0,0,0); border-right: 0.12mm solid rgb(0,0,0); border-top: 0.12mm solid rgb(0,0,0); border-bottom: 0.12mm solid rgb(0,0,0); width: 104.9pt">  </td>
</tr>
</table>
<table class="hwp-table" style="border-collapse: collapse; border-left: 0.12mm solid rgb(0,0,0); border-right: 0.12mm solid rgb(0,0,0); border-top: 0.12mm solid rgb(0,0,0); border-bottom: 0.12mm solid rgb(0,0,0)">
<tr>
<td style="border-left: 0.12mm solid rgb(0,0,0); border-right: 0.12mm solid rgb(0,0,0); border-top: 0.12mm solid rgb(0,0,0); border-bottom: 0.12mm solid rgb(0,0,0); width: 104.9pt">  </td>
<td style="border-left: 0.12mm solid rgb(0,0,0); border-right: 0.12mm solid rgb(0,0,0); border-top: 0.12mm solid rgb(0,0,0); border-bottom: 0.12mm solid rgb(0,0,0); width: 104.9pt">  </td>
</tr>
<tr>
<td style="border-left: 0.12mm solid rgb(0,0,0); border-right: 0.12mm solid rgb(0,0,0); border-top: 0.12mm solid rgb(0,0,0); border-bottom: 0.12mm solid rgb(0,0,0); width: 104.9pt">  </td>
<td style="border-left: 0.12mm solid rgb(0,0,0); border-right: 0.12mm solid rgb(0,0,0); border-top: 0.12mm solid rgb(0,0,0); border-bottom: 0.12mm solid rgb(0,0,0); width: 104.9pt">  </td>
</tr>
</table>
<table class="hwp-table" style="border-collapse: collapse; border-left: 0.12mm solid rgb(0,0,0); border-right: 0.12mm solid rgb(0,0,0); border-top: 0.12mm solid rgb(0,0,0); border-bottom: 0.12mm solid rgb(0,0,0)">
<tr>
<td style="border-left: 0.12mm solid rgb(0,0,0); border-right: 0.12mm solid rgb(0,0,0); border-top: 0.12mm solid rgb(0,0,0); border-bottom: 0.12mm solid rgb(0,0,0); width: 104.9pt">  </td>
<td style="border-left: 0.12mm solid rgb(0,0,0); border-right: 0.12mm solid rgb(0,0,0); border-top: 0.12mm solid rgb(0,0,0); border-bottom: 0.12mm solid rgb(0,0,0); width: 104.9pt">  </td>
</tr>
<tr>
<td style="border-left: 0.12mm solid rgb(0,0,0); border-right: 0.12mm solid rgb(0,0,0); border-top: 0.12mm solid rgb(0,0,0); border-bottom: 0.12mm solid rgb(0,0,0); width: 104.9pt">  </td>
<td style="border-left: 0.12mm solid rgb(0,0,0); border-right: 0.12mm solid rgb(0,0,0); border-top: 0.12mm solid rgb(0,0,0); border-bottom: 0.12mm solid rgb(0,0,0); width: 104.9pt">  </td>
</tr>
</table>
<table class="hwp-table" style="border-collapse: collapse; border-left: 0.12mm solid rgb(0,0,0); border-right: 0.12mm solid rgb(0,0,0); border-top: 0.12mm solid rgb(0,0,0); border-bottom: 0.12mm solid rgb(0,0,0)">
<tr>
<td style="border-left: 0.12mm solid rgb(0,0,0); border-right: 0.12mm solid rgb(0,0,0); border-top: 0.12mm solid rgb(0,0,0); border-bottom: 0.12mm solid rgb(0,0,0); width: 104.9pt">  </td>
<td style="border-left: 0.12mm solid rgb(0,0,0); border-right: 0.12mm solid rgb(0,0,0); border-top: 0.12mm solid rgb(0,0,0); border-bottom: 0.12mm solid rgb(0,0,0); width: 104.9pt">  </td>
</tr>
<tr>
<td style="border-left: 0.12mm solid rgb(0,0,0); border-right: 0.12mm solid rgb(0,0,0); border-top: 0.12mm solid rgb(0,0,0); border-bottom: 0.12mm solid rgb(0,0,0); width: 104.9pt">  </td>
<td style="border-left: 0.12mm solid rgb(0,0,0); border-right: 0.12mm solid rgb(0,0,0); border-top: 0.12mm solid rgb(0,0,0); border-bottom: 0.12mm solid rgb(0,0,0); width: 104.9pt">  </td>
</tr>
</table>
</div>
