---
source: crates/hwp-core/tests/snapshot_tests.rs
expression: html
---
<div class="hwp-body">
<table class="hwp-table" style="border-collapse: collapse; border-left: 0.12mm solid rgb(0,0,0); border-right: 0.12mm solid rgb(0,0,0); border-top: 0.12mm solid rgb(0,0,0); border-bottom: 0.12mm solid rgb(0,0,0)">
<tr>
<td style="border-left: 0.12mm solid rgb(0,0,0); border-right: 0.12mm solid rgb(0,0,0); border-top: 0.12mm solid rgb(0,0,0); border-bottom: 0.12mm solid rgb(0,0,0); width: 209.8pt">  </td>
</tr>
</table><div class="hwp-textbox"><p style="text-align: right"><span style="font-size: 10.0pt; font-family: '바탕'">표 </span><span style="font-size: 10.0pt; font-family: '바탕'"> 위 캡션</span></p></div>
<table class="hwp-table" style="border-collapse: collapse; border-left: 0.12mm solid rgb(0,0,0); border-right: 0.12mm solid rgb(0,0,0); border-top: 0.12mm solid rgb(0,0,0); border-bottom: 0.12mm solid rgb(0,0,0)">
<tr>
<td style="border-left: 0.12mm solid rgb(0,0,0); border-right: 0.12mm solid rgb(0,0,0); border-top: 0.12mm solid rgb(0,0,0); border-bottom: 0.12mm solid rgb(0,0,0); width: 209.8pt">  </td>
</tr>
</table><div class="hwp-textbox"><p style="text-align: right"><span style="font-size: 10.0pt; font-family: '바탕'">표 </span><span style="font-size: 10.0pt; font-family: '바탕'"> 아래 캡션</span></p></div>
<table class="hwp-table" style="border-collapse: collapse; border-left: 0.12mm solid rgb(0,0,0); border-right: 0.12mm solid rgb(0,0,0); border-top: 0.12mm solid rgb(0,0,0); border-bottom: 0.12mm solid rgb(0,0,0)">
<tr>
<td style="border-left: 0.12mm solid rgb(0,0,0); border-right: 0.12mm solid rgb(0,0,0); border-top: 0.12mm solid rgb(0,0,0); border-bottom: 0.12mm solid rgb(0,0,0); width: 209.8pt">  </td>
</tr>
</table><div class="hwp-textbox"><p><span style="font-size: 10.0pt; font-family: '바탕'">표 </span><span style="font-size: 10.0pt; font-family: '바탕'"> 왼쪽</span></p></div>
<table class="hwp-table" style="border-collapse: collapse; border-left: 0.12mm solid rgb(0,0,0); border-right: 0.12mm solid rgb(0,0,0); border-top: 0.12mm solid rgb(0,0,0); border-bottom: 0.12mm solid rgb(0,0,0)">
<tr>
<td style="border-left: 0.12mm solid rgb(0,0,0); border-right: 0.12mm solid rgb(0,0,0); border-top: 0.12mm solid rgb(0,0,0); border-bottom: 0.12mm solid rgb(0,0,0); width: 209.8pt">  </td>
</tr>
</table><div class="hwp-textbox"><p><span style="font-size: 10.0pt; font-family: '바탕'">표 </span><span style="font-size: 10.0pt; font-family: '바탕'"> 오른쪽</span></p></div>
<table class="hwp-table" style="border-collapse: collapse; border-left: 0.12mm solid rgb(0,0,0); border-right: 0.12mm solid rgb(0,0,0); border-top: 0.12mm solid rgb(0,0,0); border-bottom: 0.12mm solid rgb(0,0,0)">
<tr>
<td style="border-left: 0.12mm solid rgb(0,0,0); border-right: 0.12mm solid rgb(0,0,0); border-top: 0.12mm solid rgb(0,0,0); border-bottom: 0.12mm solid rgb(0,0,0); width: 209.8pt">  </td>
</tr>
</table><div class="hwp-textbox"><p><span style="font-size: 10.0pt; font-family: '바탕'">표 </span><span style="font-size: 10.0pt; font-family: '바탕'"> 왼쪽 위</span></p></div>
<table class="hwp-table" style="border-collapse: collapse; border-left: 0.12mm solid rgb(0,0,0); border-right: 0.12mm solid rgb(0,0,0); border-top: 0.12mm solid rgb(0,0,0); border-bottom: 0.12mm solid rgb(0,0,0)">
<tr>
<td style="border-left: 0.12mm solid rgb(0,0,0); border-right: 0.12mm solid rgb(0,0,0); border-top: 0.12mm solid rgb(0,0,0); border-bottom: 0.12mm solid rgb(0,0,0); width: 209.8pt">  </td>
</tr>
</table><div class="hwp-textbox"><p><span style="font-size: 10.0pt; font-family: '바탕'">표 </span><span style="font-size: 10.0pt; font-family: '바탕'"> 오른쪽 아래</span></p></div>
<table class="hwp-table" style="border-collapse: collapse; border-left: 0.12mm solid rgb(0,0,0); border-right: 0.12mm solid rgb(0,0,0); border-top: 0.12mm solid rgb(0,0,0); border-bottom: 0.12mm solid rgb(0,0,0)">
<tr>
<td style="border-left: 0.12mm solid rgb(0,0,0); border-right: 0.12mm solid rgb(0,0,0); border-top: 0.12mm solid rgb(0,0,0); border-bottom: 0.12mm solid rgb(0,0,0); width: 209.8pt">  </td>
</tr>
</table><div class="hwp-textbox"><p style="text-align: right"><span style="font-size: 10.0pt; font-family: '바탕'">표 </span><span style="font-size: 10.0pt; font-family: '바탕'"> 여백까지 확대</span></p>
<p style="text-align: right"><span style="font-size: 10.0pt; font-family: '바탕'">------------------------------------------</span></p></div><table class="hwp-table" style="border-collapse: collapse; border-left: 0.12mm solid rgb(0,0,0); border-right: 0.12mm solid rgb(0,0,0); border-top: 0.12mm solid rgb(0,0,0); border-bottom: 0.12mm solid rgb(0,0,0)">
<tr>
<td style="border-left: 0.12mm solid rgb(0,0,0); border-right: 0.12mm solid rgb(0,0,0); border-top: 0.12mm solid rgb(0,0,0); border-bottom: 0.12mm solid rgb(0,0,0); width: 209.8pt">  </td>
</tr>
</table><div class="hwp-textbox"><p style="text-align: right"><span style="font-size: 10.0pt; font-family: '바탕'">표 </span><span style="font-size: 10.0pt; font-family: '바탕'"> 한 줄로 입력</span></p>
<p style="text-align: right"><span style="font-size: 10.0pt; font-family: '바탕'">------------------------------------------</span></p></div>
</div>
